Component: ARM Compiler 5.05 update 2 (build 169) Tool: armlink [4d0f33]

==============================================================================

Section Cross References

    main.o(.text) refers to _printf_percent.o(.ARM.Collect$$_printf_percent$$00000000) for _printf_percent
    main.o(.text) refers to _printf_f.o(.ARM.Collect$$_printf_percent$$00000003) for _printf_f
    main.o(.text) refers to printf1.o(x$fpl$printf1) for _printf_fp_dec
    main.o(.text) refers to stm32f4xx_tim.o(.text) for TIM_Cmd
    main.o(.text) refers to arm_cfft_radix4_init_f32.o(.text) for arm_cfft_radix4_init_f32
    main.o(.text) refers to arm_cfft_radix4_f32.o(.text) for arm_cfft_radix4_f32
    main.o(.text) refers to arm_cmplx_mag_f32.o(.text) for arm_cmplx_mag_f32
    main.o(.text) refers to f2d.o(x$fpl$f2d) for __aeabi_f2d
    main.o(.text) refers to noretval__2sprintf.o(.text) for __2sprintf
    main.o(.text) refers to lcd.o(.text) for LCD_ShowString
    main.o(.text) refers to dmul.o(x$fpl$dmul) for __aeabi_dmul
    main.o(.text) refers to d2f.o(x$fpl$d2f) for __aeabi_d2f
    main.o(.text) refers to main.o(.bss) for buff
    main.o(.text) refers to main.o(.data) for f
    main.o(.text) refers to lcd.o(.data) for POINT_COLOR
    main.o(.text) refers to timer.o(.text) for TIM3_Int_Init
    main.o(.text) refers to rt_memclr_w.o(.text) for __aeabi_memclr4
    main.o(.text) refers to misc.o(.text) for NVIC_PriorityGroupConfig
    main.o(.text) refers to delay.o(.text) for delay_init
    main.o(.text) refers to usart.o(.text) for uart_init
    main.o(.text) refers to led.o(.text) for LED_Init
    main.o(.text) refers to adc.o(.text) for Adc_Init
    main.o(.text) refers to exti.o(.text) for EXTIX_Init
    main.o(.text) refers to waveform.o(.text) for MYDAC_Init
    main.o(.text) refers to stm32f4xx_gpio.o(.text) for GPIO_ReadInputDataBit
    main.o(.text) refers to stm32f4xx_exti.o(.text) for EXTI_ClearITPendingBit
    waveform.o(.text) refers to dflt_clz.o(x$fpl$dfltu) for __aeabi_ui2d
    waveform.o(.text) refers to dmul.o(x$fpl$dmul) for __aeabi_dmul
    waveform.o(.text) refers to ddiv.o(x$fpl$ddiv) for __aeabi_ddiv
    waveform.o(.text) refers to sin.o(i.__hardfp_sin) for __hardfp_sin
    waveform.o(.text) refers to daddsub_clz.o(x$fpl$dadd) for __aeabi_dadd
    waveform.o(.text) refers to dfixu.o(x$fpl$dfixu) for __aeabi_d2uiz
    waveform.o(.text) refers to stm32f4xx_rcc.o(.text) for RCC_APB1PeriphClockCmd
    waveform.o(.text) refers to stm32f4xx_tim.o(.text) for TIM_PrescalerConfig
    waveform.o(.text) refers to stm32f4xx_gpio.o(.text) for GPIO_Init
    waveform.o(.text) refers to stm32f4xx_dac.o(.text) for DAC_Init
    waveform.o(.text) refers to stm32f4xx_dma.o(.text) for DMA_DeInit
    waveform.o(.text) refers to waveform.o(.bss) for sinTable
    stm32f4xx_it.o(.text) refers to stm32f4xx_tim.o(.text) for TIM_GetITStatus
    stm32f4xx_it.o(.text) refers to stm32f4xx_it.o(.data) for frequency
    system_stm32f4xx.o(.text) refers to system_stm32f4xx.o(.data) for SystemCoreClock
    led.o(.text) refers to stm32f4xx_rcc.o(.text) for RCC_AHB1PeriphClockCmd
    led.o(.text) refers to stm32f4xx_gpio.o(.text) for GPIO_Init
    lcd.o(.text) refers to _printf_percent.o(.ARM.Collect$$_printf_percent$$00000000) for _printf_percent
    lcd.o(.text) refers to _printf_x.o(.ARM.Collect$$_printf_percent$$0000000C) for _printf_x
    lcd.o(.text) refers to _printf_hex_int.o(.text) for _printf_longlong_hex
    lcd.o(.text) refers to delay.o(.text) for delay_us
    lcd.o(.text) refers to lcd.o(.bss) for lcddev
    lcd.o(.text) refers to lcd.o(.data) for POINT_COLOR
    lcd.o(.text) refers to dflt_clz.o(x$fpl$dfltu) for __aeabi_ui2d
    lcd.o(.text) refers to dmul.o(x$fpl$dmul) for __aeabi_dmul
    lcd.o(.text) refers to dfixu.o(x$fpl$dfixu) for __aeabi_d2uiz
    lcd.o(.text) refers to stm32f4xx_rcc.o(.text) for RCC_AHB1PeriphClockCmd
    lcd.o(.text) refers to stm32f4xx_gpio.o(.text) for GPIO_Init
    lcd.o(.text) refers to stm32f4xx_fsmc.o(.text) for FSMC_NORSRAMInit
    lcd.o(.text) refers to noretval__2printf.o(.text) for __2printf
    lcd.o(.text) refers to lcd.o(.constdata) for asc2_1206
    dac.o(.text) refers to stm32f4xx_rcc.o(.text) for RCC_AHB1PeriphClockCmd
    dac.o(.text) refers to stm32f4xx_gpio.o(.text) for GPIO_Init
    dac.o(.text) refers to stm32f4xx_dac.o(.text) for DAC_Init
    dac.o(.text) refers to dflt_clz.o(x$fpl$dfltu) for __aeabi_ui2d
    dac.o(.text) refers to ddiv.o(x$fpl$ddiv) for __aeabi_ddiv
    dac.o(.text) refers to dmul.o(x$fpl$dmul) for __aeabi_dmul
    dac.o(.text) refers to dfixu.o(x$fpl$dfixu) for __aeabi_d2uiz
    adc.o(.text) refers to stm32f4xx_rcc.o(.text) for RCC_AHB1PeriphClockCmd
    adc.o(.text) refers to stm32f4xx_gpio.o(.text) for GPIO_Init
    adc.o(.text) refers to stm32f4xx_adc.o(.text) for ADC_CommonInit
    adc.o(.text) refers to delay.o(.text) for delay_ms
    timer.o(.text) refers to stm32f4xx_rcc.o(.text) for RCC_APB1PeriphClockCmd
[...]
    _fp_trap_shutdown                         - Undefined Weak Reference
    _get_lc_collate                           - Undefined Weak Reference
    _get_lc_ctype                             - Undefined Weak Reference
    _get_lc_monetary                          - Undefined Weak Reference
    _get_lc_time                              - Undefined Weak Reference
    _getenv_init                              - Undefined Weak Reference
    _handle_redirection                       - Undefined Weak Reference
    _init_alloc                               - Undefined Weak Reference
    _init_user_alloc                          - Undefined Weak Reference
    _initio                                   - Undefined Weak Reference
    _mutex_acquire                            - Undefined Weak Reference
    _mutex_release                            - Undefined Weak Reference
    _printf_post_padding                      - Undefined Weak Reference
    _printf_pre_padding                       - Undefined Weak Reference
    _printf_truncate_unsigned                 - Undefined Weak Reference
    _rand_init                                - Undefined Weak Reference
    _signal_finish                            - Undefined Weak Reference
    _signal_init                              - Undefined Weak Reference
    _terminate_alloc                          - Undefined Weak Reference
    _terminate_user_alloc                     - Undefined Weak Reference
    _terminateio                              - Undefined Weak Reference
    __Vectors_Size                           0x00000188   Number         0  startup_stm32f40_41xxx.o ABSOLUTE
    __Vectors                                0x08000000   Data           4  startup_stm32f40_41xxx.o(RESET)
    __Vectors_End                            0x08000188   Data           0  startup_stm32f40_41xxx.o(RESET)
    __main                                   0x08000189   Thumb Code     8  __main.o(!!!main)
    __scatterload                            0x08000191   Thumb Code     0  __scatter.o(!!!scatter)
    __scatterload_rt2                        0x08000191   Thumb Code    44  __scatter.o(!!!scatter)
    __scatterload_rt2_thumb_only             0x08000191   Thumb Code     0  __scatter.o(!!!scatter)
    __scatterload_null                       0x0800019f   Thumb Code     0  __scatter.o(!!!scatter)
    __scatterload_copy                       0x080001c5   Thumb Code    26  __scatter_copy.o(!!handler_copy)
    __scatterload_zeroinit                   0x080001e1   Thumb Code    28  __scatter_zi.o(!!handler_zi)
    _printf_f                                0x080001fd   Thumb Code     0  _printf_f.o(.ARM.Collect$$_printf_percent$$00000003)
    _printf_percent                          0x080001fd   Thumb Code     0  _printf_percent.o(.ARM.Collect$$_printf_percent$$00000000)
    _printf_x                                0x08000203   Thumb Code     0  _printf_x.o(.ARM.Collect$$_printf_percent$$0000000C)
    _printf_percent_end                      0x08000209   Thumb Code     0  _printf_percent_end.o(.ARM.Collect$$_printf_percent$$00000017)
    __rt_lib_init                            0x0800020d   Thumb Code     0  libinit.o(.ARM.Collect$$libinit$$00000000)
    __rt_lib_init_fp_1                       0x0800020f   Thumb Code     0  libinit2.o(.ARM.Collect$$libinit$$00000001)
    __rt_lib_init_heap_1                     0x08000213   Thumb Code     0  libinit2.o(.ARM.Collect$$libinit$$0000000A)
    __rt_lib_init_lc_common                  0x08000213   Thumb Code     0  libinit2.o(.ARM.Collect$$libinit$$0000000F)
    __rt_lib_init_preinit_1                  0x08000213   Thumb Code     0  libinit2.o(.ARM.Collect$$libinit$$00000004)
    __rt_lib_init_rand_1                     0x08000213   Thumb Code     0  libinit2.o(.ARM.Collect$$libinit$$0000000E)
    __rt_lib_init_user_alloc_1               0x08000213   Thumb Code     0  libinit2.o(.ARM.Collect$$libinit$$0000000C)
    __rt_lib_init_lc_collate_1               0x08000219   Thumb Code     0  libinit2.o(.ARM.Collect$$libinit$$00000011)
    __rt_lib_init_lc_ctype_1                 0x08000219   Thumb Code     0  libinit2.o(.ARM.Collect$$libinit$$00000013)
    __rt_lib_init_lc_monetary_1              0x08000219   Thumb Code     0  libinit2.o(.ARM.Collect$$libinit$$00000015)
    __rt_lib_init_lc_numeric_2               0x08000219   Thumb Code     0  libinit2.o(.ARM.Collect$$libinit$$00000016)
    __rt_lib_init_alloca_1                   0x08000223   Thumb Code     0  libinit2.o(.ARM.Collect$$libinit$$0000002E)
    __rt_lib_init_argv_1                     0x08000223   Thumb Code     0  libinit2.o(.ARM.Collect$$libinit$$0000002C)
    __rt_lib_init_atexit_1                   0x08000223   Thumb Code     0  libinit2.o(.ARM.Collect$$libinit$$0000001B)
    __rt_lib_init_clock_1                    0x08000223   Thumb Code     0  libinit2.o(.ARM.Collect$$libinit$$00000021)
    __rt_lib_init_cpp_1                      0x08000223   Thumb Code     0  libinit2.o(.ARM.Collect$$libinit$$00000032)
    __rt_lib_init_exceptions_1               0x08000223   Thumb Code     0  libinit2.o(.ARM.Collect$$libinit$$00000030)
    __rt_lib_init_fp_trap_1                  0x08000223   Thumb Code     0  libinit2.o(.ARM.Collect$$libinit$$0000001F)
    __rt_lib_init_getenv_1                   0x08000223   Thumb Code     0  libinit2.o(.ARM.Collect$$libinit$$00000023)
    __rt_lib_init_lc_numeric_1               0x08000223   Thumb Code     0  libinit2.o(.ARM.Collect$$libinit$$00000017)
    __rt_lib_init_lc_time_1                  0x08000223   Thumb Code     0  libinit2.o(.ARM.Collect$$libinit$$00000019)
    __rt_lib_init_return                     0x08000223   Thumb Code     0  libinit2.o(.ARM.Collect$$libinit$$00000033)
    __rt_lib_init_signal_1                   0x08000223   Thumb Code     0  libinit2.o(.ARM.Collect$$libinit$$0000001D)
    __rt_lib_init_stdio_1                    0x08000223   Thumb Code     0  libinit2.o(.ARM.Collect$$libinit$$00000025)
    __rt_lib_shutdown                        0x08000225   Thumb Code     0  libshutdown.o(.ARM.Collect$$libshutdown$$00000000)
    __rt_lib_shutdown_fp_trap_1              0x08000227   Thumb Code     0  libshutdown2.o(.ARM.Collect$$libshutdown$$00000006)
    __rt_lib_shutdown_heap_1                 0x08000227   Thumb Code     0  libshutdown2.o(.ARM.Collect$$libshutdown$$0000000E)
    __rt_lib_shutdown_return                 0x08000227   Thumb Code     0  libshutdown2.o(.ARM.Collect$$libshutdown$$0000000F)
    __rt_lib_shutdown_signal_1               0x08000227   Thumb Code     0  libshutdown2.o(.ARM.Collect$$libshutdown$$00000009)
    __rt_lib_shutdown_stdio_1                0x08000227   Thumb Code     0  libshutdown2.o(.ARM.Collect$$libshutdown$$00000003)
    __rt_lib_shutdown_user_alloc_1           0x08000227   Thumb Code     0  libshutdown2.o(.ARM.Collect$$libshutdown$$0000000B)
    __rt_entry                               0x08000229   Thumb Code     0  __rtentry.o(.ARM.Collect$$rtentry$$00000000)
    __rt_entry_presh_1                       0x08000229   Thumb Code     0  __rtentry2.o(.ARM.Collect$$rtentry$$00000002)
    __rt_entry_sh                            0x08000229   Thumb Code     0  __rtentry4.o(.ARM.Collect$$rtentry$$00000004)
    __rt_entry_li                            0x0800022f   Thumb Code     0  __rtentry2.o(.ARM.Collect$$rtentry$$0000000A)
    __rt_entry_postsh_1                      0x0800022f   Thumb Code     0  __rtentry2.o(.ARM.Collect$$rtentry$$00000009)
    __rt_entry_main                          0x08000233   Thumb Code     0  __rtentry2.o(.ARM.Collect$$rtentry$$0000000D)
    __rt_entry_postli_1                      0x08000233   Thumb Code     0  __rtentry2.o(.ARM.Collect$$rtentry$$0000000C)
    __rt_exit                                0x0800023b   Thumb Code     0  rtexit.o(.ARM.Collect$$rtexit$$00000000)
    __rt_exit_ls                             0x0800023d   Thumb Code     0  rtexit2.o(.ARM.Collect$$rtexit$$00000003)
    __rt_exit_prels_1                        0x0800023d   Thumb Code     0  rtexit2.o(.ARM.Collect$$rtexit$$00000002)
    __rt_exit_exit                           0x08000241   Thumb Code     0  rtexit2.o(.ARM.Collect$$rtexit$$00000004)
    DSP                                      0x08000249   Thumb Code   236  main.o(.text)
    get_memory                               0x08000335   Thumb Code   152  main.o(.text)
    get_vpp                                  0x080003cd   Thumb Code   396  main.o(.text)
    clear_point                              0x08000559   Thumb Code   126  main.o(.text)
    DrawOscillogram                          0x080005d7   Thumb Code   408  main.o(.text)
    Get_Data                                 0x0800076f   Thumb Code   180  main.o(.text)
    Draw_Prompt                              0x08000823   Thumb Code   178  main.o(.text)
    Lcd_DrawNetwork                          0x080008d5   Thumb Code    96  main.o(.text)
    Set_BackGround                           0x08000935   Thumb Code    36  main.o(.text)
    main                                     0x08000959   Thumb Code   240  main.o(.text)
    TIM3_IRQHandler                          0x08000a49   Thumb Code    80  main.o(.text)
    EXTI2_IRQHandler                         0x08000a99   Thumb Code   236  main.o(.text)
    EXTI3_IRQHandler                         0x08000b85   Thumb Code    58  main.o(.text)
    EXTI4_IRQHandler                         0x08000bbf   Thumb Code    58  main.o(.text)
    sin_Generation                           0x08000c0d   Thumb Code   148  waveform.o(.text)
    TIM6_Configuration                       0x08000ca1   Thumb Code    48  waveform.o(.text)
    DacGPIO_Configuration                    0x08000cd1   Thumb Code    36  waveform.o(.text)
    DAC_DMA_Configuration                    0x08000cf5   Thumb Code   144  waveform.o(.text)
    MYDAC_Init                               0x08000d85   Thumb Code    20  waveform.o(.text)
    NMI_Handler                              0x08000dd5   Thumb Code     2  stm32f4xx_it.o(.text)
    HardFault_Handler                        0x08000dd7   Thumb Code     4  stm32f4xx_it.o(.text)
    MemManage_Handler                        0x08000ddb   Thumb Code     4  stm32f4xx_it.o(.text)
    BusFault_Handler                         0x08000ddf   Thumb Code     4  stm32f4xx_it.o(.text)
    UsageFault_Handler                       0x08000de3   Thumb Code     4  stm32f4xx_it.o(.text)
    SVC_Handler                              0x08000de7   Thumb Code     2  stm32f4xx_it.o(.text)
    DebugMon_Handler                         0x08000de9   Thumb Code     2  stm32f4xx_it.o(.text)
    PendSV_Handler                           0x08000deb   Thumb Code     2  stm32f4xx_it.o(.text)
    SysTick_Handler                          0x08000ded   Thumb Code     2  stm32f4xx_it.o(.text)
    TIM2_IRQHandler                          0x08000def   Thumb Code    56  stm32f4xx_it.o(.text)
    SystemInit                               0x08000f09   Thumb Code    88  system_stm32f4xx.o(.text)
    SystemCoreClockUpdate                    0x08000f61   Thumb Code   174  system_stm32f4xx.o(.text)
    LED_Init                                 0x0800103d   Thumb Code    60  led.o(.text)
    LCD_WR_REG                               0x0800107d   Thumb Code    18  lcd.o(.text)
    LCD_WR_DATA                              0x0800108f   Thumb Code    20  lcd.o(.text)
    LCD_RD_DATA                              0x080010a3   Thumb Code    16  lcd.o(.text)
    LCD_WriteReg                             0x080010b3   Thumb Code    14  lcd.o(.text)
    LCD_ReadReg                              0x080010c1   Thumb Code    22  lcd.o(.text)
    LCD_WriteRAM_Prepare                     0x080010d7   Thumb Code    10  lcd.o(.text)
    LCD_WriteRAM                             0x080010e1   Thumb Code     8  lcd.o(.text)
    LCD_BGR2RGB                              0x080010e9   Thumb Code    26  lcd.o(.text)
    opt_delay                                0x08001103   Thumb Code    14  lcd.o(.text)
    LCD_SetCursor                            0x08001111   Thumb Code   418  lcd.o(.text)
    LCD_ReadPoint                            0x080012b3   Thumb Code   360  lcd.o(.text)
    LCD_DisplayOn                            0x0800141b   Thumb Code   102  lcd.o(.text)
    LCD_DisplayOff                           0x08001481   Thumb Code    90  lcd.o(.text)
    LCD_Scan_Dir                             0x080014db   Thumb Code   744  lcd.o(.text)
    LCD_DrawPoint                            0x080017c3   Thumb Code    28  lcd.o(.text)
    LCD_Fast_DrawPoint                       0x080017df   Thumb Code   388  lcd.o(.text)
    LCD_SSD_BackLightSet                     0x08001963   Thumb Code    88  lcd.o(.text)
    LCD_Display_Dir                          0x080019bb   Thumb Code   444  lcd.o(.text)
    LCD_Set_Window                           0x08001b77   Thumb Code   546  lcd.o(.text)
    LCD_Clear                                0x08001d99   Thumb Code   100  lcd.o(.text)
    LCD_Init                                 0x08001dfd   Thumb Code 14696  lcd.o(.text)
    LCD_Fill                                 0x08005765   Thumb Code   180  lcd.o(.text)
    LCD_Color_Fill                           0x08005819   Thumb Code   100  lcd.o(.text)
    LCD_DrawLine                             0x0800587d   Thumb Code   176  lcd.o(.text)
    LCD_DrawRectangle                        0x0800592d   Thumb Code    60  lcd.o(.text)
    LCD_Draw_Circle                          0x08005969   Thumb Code   152  lcd.o(.text)
    LCD_ShowChar                             0x08005a01   Thumb Code   272  lcd.o(.text)
    LCD_Pow                                  0x08005b11   Thumb Code    22  lcd.o(.text)
    LCD_ShowNum                              0x08005b27   Thumb Code   148  lcd.o(.text)
    LCD_ShowxNum                             0x08005bbb   Thumb Code   220  lcd.o(.text)
    LCD_ShowString                           0x08005c97   Thumb Code   102  lcd.o(.text)
    Adc_Init                                 0x08005cfd   Thumb Code   124  adc.o(.text)
    Get_Adc                                  0x08005d79   Thumb Code    44  adc.o(.text)
    Get_Adc_Average                          0x08005da5   Thumb Code    46  adc.o(.text)
    TIM3_Int_Init                            0x08005ddd   Thumb Code    86  timer.o(.text)
    EXTIX_Init                               0x08005e39   Thumb Code   190  exti.o(.text)
    KEY_Init                                 0x08005ef9   Thumb Code    60  key.o(.text)
    KEY_Scan                                 0x08005f35   Thumb Code   188  key.o(.text)
    delay_init                               0x08005ffd   Thumb Code    52  delay.o(.text)
    delay_us                                 0x08006031   Thumb Code    72  delay.o(.text)
    delay_xms                                0x08006079   Thumb Code    72  delay.o(.text)
    delay_ms                                 0x080060c1   Thumb Code    56  delay.o(.text)
    _sys_exit                                0x08006101   Thumb Code     6  usart.o(.text)
    fputc                                    0x08006107   Thumb Code    22  usart.o(.text)
    uart_init                                0x0800611d   Thumb Code   164  usart.o(.text)
    USART1_IRQHandler                        0x080061c1   Thumb Code   122  usart.o(.text)
    Reset_Handler                            0x0800624d   Thumb Code     8  startup_stm32f40_41xxx.o(.text)
    ADC_IRQHandler                           0x08006267   Thumb Code     0  startup_stm32f40_41xxx.o(.text)
    CAN1_RX0_IRQHandler                      0x08006267   Thumb Code     0  startup_stm32f40_41xxx.o(.text)
    CAN1_RX1_IRQHandler                      0x08006267   Thumb Code     0  startup_stm32f40_41xxx.o(.text)
    CAN1_SCE_IRQHandler                      0x08006267   Thumb Code     0  startup_stm32f40_41xxx.o(.text)
    CAN1_TX_IRQHandler                       0x08006267   Thumb Code     0  startup_stm32f40_41xxx.o(.text)
    CAN2_RX0_IRQHandler                      0x08006267   Thumb Code     0  startup_stm32f40_41xxx.o(.text)
    CAN2_RX1_IRQHandler                      0x08006267   Thumb Code     0  startup_stm32f40_41xxx.o(.text)
    CAN2_SCE_IRQHandler                      0x08006267   Thumb Code     0  startup_stm32f40_41xxx.o(.text)
    CAN2_TX_IRQHandler                       0x08006267   Thumb Code     0  startup_stm32f40_41xxx.o(.text)
    CRYP_IRQHandler                          0x08006267   Thumb Code     0  startup_stm32f40_41xxx.o(.text)
    DCMI_IRQHandler                          0x08006267   Thumb Code     0  startup_stm32f40_41xxx.o(.text)
    DMA1_Stream0_IRQHandler                  0x08006267   Thumb Code     0  startup_stm32f40_41xxx.o(.text)
    DMA1_Stream1_IRQHandler                  0x08006267   Thumb Code     0  startup_stm32f40_41xxx.o(.text)
    DMA1_Stream2_IRQHandler                  0x08006267   Thumb Code     0  startup_stm32f40_41xxx.o(.text)
    DMA1_Stream3_IRQHandler                  0x08006267   Thumb Code     0  startup_stm32f40_41xxx.o(.text)
    DMA1_Stream4_IRQHandler                  0x08006267   Thumb Code     0  startup_stm32f40_41xxx.o(.text)
    DMA1_Stream5_IRQHandler                  0x08006267   Thumb Code     0  startup_stm32f40_41xxx.o(.text)
    DMA1_Stream6_IRQHandler                  0x08006267   Thumb Code     0  startup_stm32f40_41xxx.o(.text)
    DMA1_Stream7_IRQHandler                  0x08006267   Thumb Code     0  startup_stm32f40_41xxx.o(.text)
    DMA2_Stream0_IRQHandler                  0x08006267   Thumb Code     0  startup_stm32f40_41xxx.o(.text)
    DMA2_Stream1_IRQHandler                  0x08006267   Thumb Code     0  startup_stm32f40_41xxx.o(.text)
    DMA2_Stream2_IRQHandler                  0x08006267   Thumb Code     0  startup_stm32f40_41xxx.o(.text)
    DMA2_Stream3_IRQHandler                  0x08006267   Thumb Code     0  startup_stm32f40_41xxx.o(.text)
    DMA2_Stream4_IRQHandler                  0x08006267   Thumb Code     0  startup_stm32f40_41xxx.o(.text)
    DMA2_Stream5_IRQHandler                  0x08006267   Thumb Code     0  startup_stm32f40_41xxx.o(.text)
    DMA2_Stream6_IRQHandler                  0x08006267   Thumb Code     0  startup_stm32f40_41xxx.o(.text)
    DMA2_Stream7_IRQHandler                  0x08006267   Thumb Code     0  startup_stm32f40_41xxx.o(.text)
    ETH_IRQHandler                           0x08006267   Thumb Code     0  startup_stm32f40_41xxx.o(.text)
    ETH_WKUP_IRQHandler                      0x08006267   Thumb Code     0  startup_stm32f40_41xxx.o(.text)
    EXTI0_IRQHandler                         0x08006267   Thumb Code     0  startup_stm32f40_41xxx.o(.text)
    EXTI15_10_IRQHandler                     0x08006267   Thumb Code     0  startup_stm32f40_41xxx.o(.text)
    EXTI1_IRQHandler                         0x08006267   Thumb Code     0  startup_stm32f40_41xxx.o(.text)
    EXTI9_5_IRQHandler                       0x08006267   Thumb Code     0  startup_stm32f40_41xxx.o(.text)
    FLASH_IRQHandler                         0x08006267   Thumb Code     0  startup_stm32f40_41xxx.o(.text)
    FPU_IRQHandler                           0x08006267   Thumb Code     0  startup_stm32f40_41xxx.o(.text)
    FSMC_IRQHandler                          0x08006267   Thumb Code     0  startup_stm32f40_41xxx.o(.text)
    HASH_RNG_IRQHandler                      0x08006267   Thumb Code     0  startup_stm32f40_41xxx.o(.text)
    I2C1_ER_IRQHandler                       0x08006267   Thumb Code     0  startup_stm32f40_41xxx.o(.text)
    I2C1_EV_IRQHandler                       0x08006267   Thumb Code     0  startup_stm32f40_41xxx.o(.text)
    I2C2_ER_IRQHandler                       0x08006267   Thumb Code     0  startup_stm32f40_41xxx.o(.text)
    I2C2_EV_IRQHandler                       0x08006267   Thumb Code     0  startup_stm32f40_41xxx.o(.text)
    I2C3_ER_IRQHandler                       0x08006267   Thumb Code     0  startup_stm32f40_41xxx.o(.text)
    I2C3_EV_IRQHandler                       0x08006267   Thumb Code     0  startup_stm32f40_41xxx.o(.text)
    OTG_FS_IRQHandler                        0x08006267   Thumb Code     0  startup_stm32f40_41xxx.o(.text)
    OTG_FS_WKUP_IRQHandler                   0x08006267   Thumb Code     0  startup_stm32f40_41xxx.o(.text)
    OTG_HS_EP1_IN_IRQHandler                 0x08006267   Thumb Code     0  startup_stm32f40_41xxx.o(.text)
    OTG_HS_EP1_OUT_IRQHandler                0x08006267   Thumb Code     0  startup_stm32f40_41xxx.o(.text)
    OTG_HS_IRQHandler                        0x08006267   Thumb Code     0  startup_stm32f40_41xxx.o(.text)
    OTG_HS_WKUP_IRQHandler                   0x08006267   Thumb Code     0  startup_stm32f40_41xxx.o(.text)
    PVD_IRQHandler                           0x08006267   Thumb Code     0  startup_stm32f40_41xxx.o(.text)
    RCC_IRQHandler                           0x08006267   Thumb Code     0  startup_stm32f40_41xxx.o(.text)
    RTC_Alarm_IRQHandler                     0x08006267   Thumb Code     0  startup_stm32f40_41xxx.o(.text)
    RTC_WKUP_IRQHandler                      0x08006267   Thumb Code     0  startup_stm32f40_41xxx.o(.text)
    SDIO_IRQHandler                          0x08006267   Thumb Code     0  startup_stm32f40_41xxx.o(.text)
    SPI1_IRQHandler                          0x08006267   Thumb Code     0  startup_stm32f40_41xxx.o(.text)
    SPI2_IRQHandler                          0x08006267   Thumb Code     0  startup_stm32f40_41xxx.o(.text)
    SPI3_IRQHandler                          0x08006267   Thumb Code     0  startup_stm32f40_41xxx.o(.text)
    TAMP_STAMP_IRQHandler                    0x08006267   Thumb Code     0  startup_stm32f40_41xxx.o(.text)
    TIM1_BRK_TIM9_IRQHandler                 0x08006267   Thumb Code     0  startup_stm32f40_41xxx.o(.text)
    TIM1_CC_IRQHandler                       0x08006267   Thumb Code     0  startup_stm32f40_41xxx.o(.text)
    TIM1_TRG_COM_TIM11_IRQHandler            0x08006267   Thumb Code     0  startup_stm32f40_41xxx.o(.text)
    TIM1_UP_TIM10_IRQHandler                 0x08006267   Thumb Code     0  startup_stm32f40_41xxx.o(.text)
    TIM4_IRQHandler                          0x08006267   Thumb Code     0  startup_stm32f40_41xxx.o(.text)
    TIM5_IRQHandler                          0x08006267   Thumb Code     0  startup_stm32f40_41xxx.o(.text)
    TIM6_DAC_IRQHandler                      0x08006267   Thumb Code     0  startup_stm32f40_41xxx.o(.text)
    TIM7_IRQHandler                          0x08006267   Thumb Code     0  startup_stm32f40_41xxx.o(.text)
    TIM8_BRK_TIM12_IRQHandler                0x08006267   Thumb Code     0  startup_stm32f40_41xxx.o(.text)
    TIM8_CC_IRQHandler                       0x08006267   Thumb Code     0  startup_stm32f40_41xxx.o(.text)
    TIM8_TRG_COM_TIM14_IRQHandler            0x08006267   Thumb Code     0  startup_stm32f40_41xxx.o(.text)
    TIM8_UP_TIM13_IRQHandler                 0x08006267   Thumb Code     0  startup_stm32f40_41xxx.o(.text)
    UART4_IRQHandler                         0x08006267   Thumb Code     0  startup_stm32f40_41xxx.o(.text)
    UART5_IRQHandler                         0x08006267   Thumb Code     0  startup_stm32f40_41xxx.o(.text)
    USART2_IRQHandler                        0x08006267   Thumb Code     0  startup_stm32f40_41xxx.o(.text)
    USART3_IRQHandler                        0x08006267   Thumb Code     0  startup_stm32f40_41xxx.o(.text)
    USART6_IRQHandler                        0x08006267   Thumb Code     0  startup_stm32f40_41xxx.o(.text)
    WWDG_IRQHandler                          0x08006267   Thumb Code     0  startup_stm32f40_41xxx.o(.text)
    __user_initial_stackheap                 0x08006269   Thumb Code     0  startup_stm32f40_41xxx.o(.text)
    NVIC_PriorityGroupConfig                 0x0800628d   Thumb Code    10  misc.o(.text)
    NVIC_Init                                0x08006297   Thumb Code   106  misc.o(.text)
    NVIC_SetVectorTable                      0x08006301   Thumb Code    14  misc.o(.text)
    NVIC_SystemLPConfig                      0x0800630f   Thumb Code    34  misc.o(.text)
    SysTick_CLKSourceConfig                  0x08006331   Thumb Code    40  misc.o(.text)
    GPIO_DeInit                              0x0800636d   Thumb Code   268  stm32f4xx_gpio.o(.text)
    GPIO_Init                                0x08006479   Thumb Code   144  stm32f4xx_gpio.o(.text)
    GPIO_StructInit                          0x08006509   Thumb Code    18  stm32f4xx_gpio.o(.text)
    GPIO_PinLockConfig                       0x0800651b   Thumb Code    34  stm32f4xx_gpio.o(.text)
    GPIO_ReadInputDataBit                    0x0800653d   Thumb Code    18  stm32f4xx_gpio.o(.text)
    GPIO_ReadInputData                       0x0800654f   Thumb Code     8  stm32f4xx_gpio.o(.text)
    GPIO_ReadOutputDataBit                   0x08006557   Thumb Code    18  stm32f4xx_gpio.o(.text)
    GPIO_ReadOutputData                      0x08006569   Thumb Code     8  stm32f4xx_gpio.o(.text)
    GPIO_SetBits                             0x08006571   Thumb Code     4  stm32f4xx_gpio.o(.text)
    GPIO_ResetBits                           0x08006575   Thumb Code     4  stm32f4xx_gpio.o(.text)
    GPIO_WriteBit                            0x08006579   Thumb Code    10  stm32f4xx_gpio.o(.text)
    GPIO_Write                               0x08006583   Thumb Code     4  stm32f4xx_gpio.o(.text)
    GPIO_ToggleBits                          0x08006587   Thumb Code     8  stm32f4xx_gpio.o(.text)
    GPIO_PinAFConfig                         0x0800658f   Thumb Code    70  stm32f4xx_gpio.o(.text)
    FSMC_NORSRAMDeInit                       0x08006601   Thumb Code    54  stm32f4xx_fsmc.o(.text)
    FSMC_NORSRAMInit                         0x08006637   Thumb Code   230  stm32f4xx_fsmc.o(.text)
    FSMC_NORSRAMStructInit                   0x0800671d   Thumb Code    48  stm32f4xx_fsmc.o(.text)
    FSMC_NORSRAMCmd                          0x0800674d   Thumb Code    46  stm32f4xx_fsmc.o(.text)
    FSMC_NANDDeInit                          0x0800677b   Thumb Code    62  stm32f4xx_fsmc.o(.text)
    FSMC_NANDInit                            0x080067b9   Thumb Code   132  stm32f4xx_fsmc.o(.text)
    FSMC_NANDStructInit                      0x0800683d   Thumb Code    54  stm32f4xx_fsmc.o(.text)
    FSMC_NANDCmd                             0x08006873   Thumb Code    86  stm32f4xx_fsmc.o(.text)
    FSMC_NANDECCCmd                          0x080068c9   Thumb Code    86  stm32f4xx_fsmc.o(.text)
    FSMC_GetECC                              0x0800691f   Thumb Code    24  stm32f4xx_fsmc.o(.text)
    FSMC_PCCARDDeInit                        0x08006937   Thumb Code    36  stm32f4xx_fsmc.o(.text)
    FSMC_PCCARDInit                          0x0800695b   Thumb Code   130  stm32f4xx_fsmc.o(.text)
    FSMC_PCCARDStructInit                    0x080069dd   Thumb Code    60  stm32f4xx_fsmc.o(.text)
    FSMC_PCCARDCmd                           0x08006a19   Thumb Code    44  stm32f4xx_fsmc.o(.text)
    FSMC_ITConfig                            0x08006a45   Thumb Code   128  stm32f4xx_fsmc.o(.text)
    FSMC_GetFlagStatus                       0x08006ac5   Thumb Code    54  stm32f4xx_fsmc.o(.text)
    FSMC_ClearFlag                           0x08006afb   Thumb Code    74  stm32f4xx_fsmc.o(.text)
    FSMC_GetITStatus                         0x08006b45   Thumb Code    62  stm32f4xx_fsmc.o(.text)
    FSMC_ClearITPendingBit                   0x08006b83   Thumb Code    66  stm32f4xx_fsmc.o(.text)
    RCC_DeInit                               0x08006bc9   Thumb Code    82  stm32f4xx_rcc.o(.text)
    RCC_HSEConfig                            0x08006c1b   Thumb Code    14  stm32f4xx_rcc.o(.text)
    RCC_GetFlagStatus                        0x08006c29   Thumb Code    60  stm32f4xx_rcc.o(.text)
    RCC_WaitForHSEStartUp                    0x08006c65   Thumb Code    56  stm32f4xx_rcc.o(.text)
    RCC_AdjustHSICalibrationValue            0x08006c9d   Thumb Code    20  stm32f4xx_rcc.o(.text)
    RCC_HSICmd                               0x08006cb1   Thumb Code     6  stm32f4xx_rcc.o(.text)
    RCC_LSEConfig                            0x08006cb7   Thumb Code    46  stm32f4xx_rcc.o(.text)
    RCC_LSICmd                               0x08006ce5   Thumb Code     6  stm32f4xx_rcc.o(.text)
    RCC_PLLConfig                            0x08006ceb   Thumb Code    32  stm32f4xx_rcc.o(.text)
    RCC_PLLCmd                               0x08006d0b   Thumb Code     6  stm32f4xx_rcc.o(.text)
    RCC_PLLI2SConfig                         0x08006d11   Thumb Code    14  stm32f4xx_rcc.o(.text)
    RCC_PLLI2SCmd                            0x08006d1f   Thumb Code     6  stm32f4xx_rcc.o(.text)
    RCC_PLLSAIConfig                         0x08006d25   Thumb Code    20  stm32f4xx_rcc.o(.text)
    RCC_PLLSAICmd                            0x08006d39   Thumb Code     6  stm32f4xx_rcc.o(.text)
    RCC_ClockSecuritySystemCmd               0x08006d3f   Thumb Code     6  stm32f4xx_rcc.o(.text)
    RCC_MCO1Config                           0x08006d45   Thumb Code    28  stm32f4xx_rcc.o(.text)
    RCC_MCO2Config                           0x08006d61   Thumb Code    28  stm32f4xx_rcc.o(.text)
    RCC_SYSCLKConfig                         0x08006d7d   Thumb Code    20  stm32f4xx_rcc.o(.text)
    RCC_GetSYSCLKSource                      0x08006d91   Thumb Code    12  stm32f4xx_rcc.o(.text)
    RCC_HCLKConfig                           0x08006d9d   Thumb Code    20  stm32f4xx_rcc.o(.text)
    RCC_PCLK1Config                          0x08006db1   Thumb Code    20  stm32f4xx_rcc.o(.text)
    RCC_PCLK2Config                          0x08006dc5   Thumb Code    22  stm32f4xx_rcc.o(.text)
    RCC_GetClocksFreq                        0x08006ddb   Thumb Code   222  stm32f4xx_rcc.o(.text)
    RCC_RTCCLKConfig                         0x08006eb9   Thumb Code    54  stm32f4xx_rcc.o(.text)
    RCC_RTCCLKCmd                            0x08006eef   Thumb Code     8  stm32f4xx_rcc.o(.text)
    RCC_BackupResetCmd                       0x08006ef7   Thumb Code     8  stm32f4xx_rcc.o(.text)
    RCC_I2SCLKConfig                         0x08006eff   Thumb Code     6  stm32f4xx_rcc.o(.text)
    RCC_SAIPLLI2SClkDivConfig                0x08006f05   Thumb Code    26  stm32f4xx_rcc.o(.text)
    RCC_SAIPLLSAIClkDivConfig                0x08006f1f   Thumb Code    28  stm32f4xx_rcc.o(.text)
    RCC_SAIBlockACLKConfig                   0x08006f3b   Thumb Code    20  stm32f4xx_rcc.o(.text)
    RCC_SAIBlockBCLKConfig                   0x08006f4f   Thumb Code    20  stm32f4xx_rcc.o(.text)
    RCC_LTDCCLKDivConfig                     0x08006f63   Thumb Code    20  stm32f4xx_rcc.o(.text)
    RCC_TIMCLKPresConfig                     0x08006f77   Thumb Code     6  stm32f4xx_rcc.o(.text)
    RCC_AHB1PeriphClockCmd                   0x08006f7d   Thumb Code    34  stm32f4xx_rcc.o(.text)
    RCC_AHB2PeriphClockCmd                   0x08006f9f   Thumb Code    78  stm32f4xx_rcc.o(.text)
    RCC_AHB3PeriphClockCmd                   0x08006fed   Thumb Code    34  stm32f4xx_rcc.o(.text)
    RCC_APB1PeriphClockCmd                   0x0800700f   Thumb Code    34  stm32f4xx_rcc.o(.text)
    RCC_APB2PeriphClockCmd                   0x08007031   Thumb Code    34  stm32f4xx_rcc.o(.text)
    RCC_AHB1PeriphResetCmd                   0x08007053   Thumb Code    34  stm32f4xx_rcc.o(.text)
    RCC_AHB2PeriphResetCmd                   0x08007075   Thumb Code    34  stm32f4xx_rcc.o(.text)
    RCC_AHB3PeriphResetCmd                   0x08007097   Thumb Code    34  stm32f4xx_rcc.o(.text)
    RCC_APB1PeriphResetCmd                   0x080070b9   Thumb Code    34  stm32f4xx_rcc.o(.text)
    RCC_APB2PeriphResetCmd                   0x080070db   Thumb Code    34  stm32f4xx_rcc.o(.text)
    RCC_AHB1PeriphClockLPModeCmd             0x080070fd   Thumb Code    34  stm32f4xx_rcc.o(.text)
    RCC_AHB2PeriphClockLPModeCmd             0x0800711f   Thumb Code    34  stm32f4xx_rcc.o(.text)
    RCC_AHB3PeriphClockLPModeCmd             0x08007141   Thumb Code    34  stm32f4xx_rcc.o(.text)
    RCC_APB1PeriphClockLPModeCmd             0x08007163   Thumb Code    34  stm32f4xx_rcc.o(.text)
    RCC_APB2PeriphClockLPModeCmd             0x08007185   Thumb Code    34  stm32f4xx_rcc.o(.text)
    RCC_LSEModeConfig                        0x080071a7   Thumb Code    40  stm32f4xx_rcc.o(.text)
    RCC_ITConfig                             0x080071cf   Thumb Code    34  stm32f4xx_rcc.o(.text)
    RCC_ClearFlag                            0x080071f1   Thumb Code    18  stm32f4xx_rcc.o(.text)
    RCC_GetITStatus                          0x08007203   Thumb Code    22  stm32f4xx_rcc.o(.text)
    RCC_ClearITPendingBit                    0x08007219   Thumb Code     8  stm32f4xx_rcc.o(.text)
    SYSCFG_DeInit                            0x08007225   Thumb Code    22  stm32f4xx_syscfg.o(.text)
    SYSCFG_MemoryRemapConfig                 0x0800723b   Thumb Code     6  stm32f4xx_syscfg.o(.text)
    SYSCFG_MemorySwappingBank                0x08007241   Thumb Code     6  stm32f4xx_syscfg.o(.text)
    SYSCFG_EXTILineConfig                    0x08007247   Thumb Code    66  stm32f4xx_syscfg.o(.text)
    SYSCFG_ETH_MediaInterfaceConfig          0x08007289   Thumb Code     8  stm32f4xx_syscfg.o(.text)
    SYSCFG_CompensationCellCmd               0x08007291   Thumb Code     6  stm32f4xx_syscfg.o(.text)
    SYSCFG_GetCompensationCellStatus         0x08007297   Thumb Code    22  stm32f4xx_syscfg.o(.text)
    USART_DeInit                             0x080072b9   Thumb Code   206  stm32f4xx_usart.o(.text)
    USART_Init                               0x08007387   Thumb Code   204  stm32f4xx_usart.o(.text)
    USART_StructInit                         0x08007453   Thumb Code    24  stm32f4xx_usart.o(.text)
    USART_ClockInit                          0x0800746b   Thumb Code    32  stm32f4xx_usart.o(.text)
    USART_ClockStructInit                    0x0800748b   Thumb Code    12  stm32f4xx_usart.o(.text)
    USART_Cmd                                0x08007497   Thumb Code    24  stm32f4xx_usart.o(.text)
    USART_SetPrescaler                       0x080074af   Thumb Code    16  stm32f4xx_usart.o(.text)
    USART_OverSampling8Cmd                   0x080074bf   Thumb Code    22  stm32f4xx_usart.o(.text)
    USART_OneBitMethodCmd                    0x080074d5   Thumb Code    24  stm32f4xx_usart.o(.text)
    USART_SendData                           0x080074ed   Thumb Code     8  stm32f4xx_usart.o(.text)
    USART_ReceiveData                        0x080074f5   Thumb Code    10  stm32f4xx_usart.o(.text)
    USART_SetAddress                         0x080074ff   Thumb Code    18  stm32f4xx_usart.o(.text)
    USART_ReceiverWakeUpCmd                  0x08007511   Thumb Code    24  stm32f4xx_usart.o(.text)
    USART_WakeUpConfig                       0x08007529   Thumb Code    18  stm32f4xx_usart.o(.text)
    USART_LINBreakDetectLengthConfig         0x0800753b   Thumb Code    18  stm32f4xx_usart.o(.text)
    USART_LINCmd                             0x0800754d   Thumb Code    24  stm32f4xx_usart.o(.text)
    USART_SendBreak                          0x08007565   Thumb Code    10  stm32f4xx_usart.o(.text)
    USART_HalfDuplexCmd                      0x0800756f   Thumb Code    24  stm32f4xx_usart.o(.text)
    USART_SetGuardTime                       0x08007587   Thumb Code    16  stm32f4xx_usart.o(.text)
    USART_SmartCardCmd                       0x08007597   Thumb Code    24  stm32f4xx_usart.o(.text)
    USART_SmartCardNACKCmd                   0x080075af   Thumb Code    24  stm32f4xx_usart.o(.text)
    USART_IrDAConfig                         0x080075c7   Thumb Code    18  stm32f4xx_usart.o(.text)
    USART_IrDACmd                            0x080075d9   Thumb Code    24  stm32f4xx_usart.o(.text)
    USART_DMACmd                             0x080075f1   Thumb Code    18  stm32f4xx_usart.o(.text)
    USART_ITConfig                           0x08007603   Thumb Code    74  stm32f4xx_usart.o(.text)
    USART_GetFlagStatus                      0x0800764d   Thumb Code    26  stm32f4xx_usart.o(.text)
    USART_ClearFlag                          0x08007667   Thumb Code    18  stm32f4xx_usart.o(.text)
    USART_GetITStatus                        0x08007679   Thumb Code   118  stm32f4xx_usart.o(.text)
    USART_ClearITPendingBit                  0x080076ef   Thumb Code    30  stm32f4xx_usart.o(.text)
    ADC_DeInit                               0x0800770d   Thumb Code    22  stm32f4xx_adc.o(.text)
    ADC_Init                                 0x08007723   Thumb Code    74  stm32f4xx_adc.o(.text)
    ADC_StructInit                           0x0800776d   Thumb Code    20  stm32f4xx_adc.o(.text)
    ADC_CommonInit                           0x08007781   Thumb Code    34  stm32f4xx_adc.o(.text)
    ADC_CommonStructInit                     0x080077a3   Thumb Code    12  stm32f4xx_adc.o(.text)
    ADC_Cmd                                  0x080077af   Thumb Code    22  stm32f4xx_adc.o(.text)
    ADC_AnalogWatchdogCmd                    0x080077c5   Thumb Code    16  stm32f4xx_adc.o(.text)
    ADC_AnalogWatchdogThresholdsConfig       0x080077d5   Thumb Code     6  stm32f4xx_adc.o(.text)
    ADC_AnalogWatchdogSingleChannelConfig    0x080077db   Thumb Code    16  stm32f4xx_adc.o(.text)
    ADC_TempSensorVrefintCmd                 0x080077eb   Thumb Code    34  stm32f4xx_adc.o(.text)
    ADC_VBATCmd                              0x0800780d   Thumb Code    34  stm32f4xx_adc.o(.text)
    ADC_RegularChannelConfig                 0x0800782f   Thumb Code   184  stm32f4xx_adc.o(.text)
    ADC_SoftwareStartConv                    0x080078e7   Thumb Code    10  stm32f4xx_adc.o(.text)
    ADC_GetSoftwareStartConvStatus           0x080078f1   Thumb Code    20  stm32f4xx_adc.o(.text)
    ADC_EOCOnEachRegularChannelCmd           0x08007905   Thumb Code    22  stm32f4xx_adc.o(.text)
    ADC_ContinuousModeCmd                    0x0800791b   Thumb Code    22  stm32f4xx_adc.o(.text)
    ADC_DiscModeChannelCountConfig           0x08007931   Thumb Code    24  stm32f4xx_adc.o(.text)
    ADC_DiscModeCmd                          0x08007949   Thumb Code    22  stm32f4xx_adc.o(.text)
    ADC_GetConversionValue                   0x0800795f   Thumb Code     8  stm32f4xx_adc.o(.text)
    ADC_GetMultiModeConversionValue          0x08007967   Thumb Code     8  stm32f4xx_adc.o(.text)
    ADC_DMACmd                               0x0800796f   Thumb Code    22  stm32f4xx_adc.o(.text)
    ADC_DMARequestAfterLastTransferCmd       0x08007985   Thumb Code    22  stm32f4xx_adc.o(.text)
    ADC_MultiModeDMARequestAfterLastTransferCmd 0x0800799b   Thumb Code    34  stm32f4xx_adc.o(.text)
    ADC_InjectedChannelConfig                0x080079bd   Thumb Code   130  stm32f4xx_adc.o(.text)
    ADC_InjectedSequencerLengthConfig        0x08007a3f   Thumb Code    24  stm32f4xx_adc.o(.text)
    ADC_SetInjectedOffset                    0x08007a57   Thumb Code    20  stm32f4xx_adc.o(.text)
    ADC_ExternalTrigInjectedConvConfig       0x08007a6b   Thumb Code    16  stm32f4xx_adc.o(.text)
    ADC_ExternalTrigInjectedConvEdgeConfig   0x08007a7b   Thumb Code    16  stm32f4xx_adc.o(.text)
    ADC_SoftwareStartInjectedConv            0x08007a8b   Thumb Code    10  stm32f4xx_adc.o(.text)
    ADC_GetSoftwareStartInjectedConvCmdStatus 0x08007a95   Thumb Code    20  stm32f4xx_adc.o(.text)
    ADC_AutoInjectedConvCmd                  0x08007aa9   Thumb Code    22  stm32f4xx_adc.o(.text)
    ADC_InjectedDiscModeCmd                  0x08007abf   Thumb Code    22  stm32f4xx_adc.o(.text)
    ADC_GetInjectedConversionValue           0x08007ad5   Thumb Code    28  stm32f4xx_adc.o(.text)
    ADC_ITConfig                             0x08007af1   Thumb Code    56  stm32f4xx_adc.o(.text)
    ADC_GetFlagStatus                        0x08007b29   Thumb Code    18  stm32f4xx_adc.o(.text)
    ADC_ClearFlag                            0x08007b3b   Thumb Code     6  stm32f4xx_adc.o(.text)
    ADC_GetITStatus                          0x08007b41   Thumb Code    38  stm32f4xx_adc.o(.text)
    ADC_ClearITPendingBit                    0x08007b67   Thumb Code    10  stm32f4xx_adc.o(.text)
    DAC_DeInit                               0x08007b71   Thumb Code    22  stm32f4xx_dac.o(.text)
    DAC_Init                                 0x08007b87   Thumb Code    46  stm32f4xx_dac.o(.text)
    DAC_StructInit                           0x08007bb5   Thumb Code    12  stm32f4xx_dac.o(.text)
    DAC_Cmd                                  0x08007bc1   Thumb Code    34  stm32f4xx_dac.o(.text)
    DAC_SoftwareTriggerCmd                   0x08007be3   Thumb Code    48  stm32f4xx_dac.o(.text)
    DAC_DualSoftwareTriggerCmd               0x08007c13   Thumb Code    38  stm32f4xx_dac.o(.text)
    DAC_WaveGenerationCmd                    0x08007c39   Thumb Code    36  stm32f4xx_dac.o(.text)
    DAC_SetChannel1Data                      0x08007c5d   Thumb Code    26  stm32f4xx_dac.o(.text)
    DAC_SetChannel2Data                      0x08007c77   Thumb Code    26  stm32f4xx_dac.o(.text)
    DAC_SetDualChannelData                   0x08007c91   Thumb Code    32  stm32f4xx_dac.o(.text)
    DAC_GetDataOutputValue                   0x08007cb1   Thumb Code    32  stm32f4xx_dac.o(.text)
    DAC_DMACmd                               0x08007cd1   Thumb Code    38  stm32f4xx_dac.o(.text)
    DAC_ITConfig                             0x08007cf7   Thumb Code    36  stm32f4xx_dac.o(.text)
    DAC_GetFlagStatus                        0x08007d1b   Thumb Code    28  stm32f4xx_dac.o(.text)
    DAC_ClearFlag                            0x08007d37   Thumb Code    12  stm32f4xx_dac.o(.text)
    DAC_GetITStatus                          0x08007d43   Thumb Code    44  stm32f4xx_dac.o(.text)
    DAC_ClearITPendingBit                    0x08007d6f   Thumb Code    12  stm32f4xx_dac.o(.text)
    TIM_DeInit                               0x08007d81   Thumb Code   346  stm32f4xx_tim.o(.text)
    TIM_TimeBaseInit                         0x08007edb   Thumb Code   104  stm32f4xx_tim.o(.text)
    TIM_TimeBaseStructInit                   0x08007f43   Thumb Code    18  stm32f4xx_tim.o(.text)
    TIM_PrescalerConfig                      0x08007f55   Thumb Code     6  stm32f4xx_tim.o(.text)
    TIM_CounterModeConfig                    0x08007f5b   Thumb Code    18  stm32f4xx_tim.o(.text)
    TIM_SetCounter                           0x08007f6d   Thumb Code     4  stm32f4xx_tim.o(.text)
    TIM_SetAutoreload                        0x08007f71   Thumb Code     4  stm32f4xx_tim.o(.text)
    TIM_GetCounter                           0x08007f75   Thumb Code     6  stm32f4xx_tim.o(.text)
    TIM_GetPrescaler                         0x08007f7b   Thumb Code     6  stm32f4xx_tim.o(.text)
    TIM_UpdateDisableConfig                  0x08007f81   Thumb Code    24  stm32f4xx_tim.o(.text)
    TIM_UpdateRequestConfig                  0x08007f99   Thumb Code    24  stm32f4xx_tim.o(.text)
    TIM_ARRPreloadConfig                     0x08007fb1   Thumb Code    24  stm32f4xx_tim.o(.text)
    TIM_SelectOnePulseMode                   0x08007fc9   Thumb Code    18  stm32f4xx_tim.o(.text)
    TIM_SetClockDivision                     0x08007fdb   Thumb Code    18  stm32f4xx_tim.o(.text)
    TIM_Cmd                                  0x08007fed   Thumb Code    24  stm32f4xx_tim.o(.text)
    TIM_OC1Init                              0x08008005   Thumb Code   114  stm32f4xx_tim.o(.text)
    TIM_OC2Init                              0x08008077   Thumb Code   154  stm32f4xx_tim.o(.text)
    TIM_OC3Init                              0x08008111   Thumb Code   204  stm32f4xx_tim.o(.text)
    TIM_OC4Init                              0x080081dd   Thumb Code   112  stm32f4xx_tim.o(.text)
    TIM_OCStructInit                         0x0800824d   Thumb Code    20  stm32f4xx_tim.o(.text)
    TIM_SelectOCxM                           0x08008261   Thumb Code    86  stm32f4xx_tim.o(.text)
    TIM_SetCompare1                          0x080082b7   Thumb Code     4  stm32f4xx_tim.o(.text)
    TIM_SetCompare2                          0x080082bb   Thumb Code     4  stm32f4xx_tim.o(.text)
    TIM_SetCompare3                          0x080082bf   Thumb Code     4  stm32f4xx_tim.o(.text)
    TIM_SetCompare4                          0x080082c3   Thumb Code     4  stm32f4xx_tim.o(.text)
    TIM_ForcedOC1Config                      0x080082c7   Thumb Code    18  stm32f4xx_tim.o(.text)
    TIM_ForcedOC2Config                      0x080082d9   Thumb Code    26  stm32f4xx_tim.o(.text)
    TIM_ForcedOC3Config                      0x080082f3   Thumb Code    18  stm32f4xx_tim.o(.text)
    TIM_ForcedOC4Config                      0x08008305   Thumb Code    26  stm32f4xx_tim.o(.text)
    TIM_OC1PreloadConfig                     0x0800831f   Thumb Code    18  stm32f4xx_tim.o(.text)
    TIM_OC2PreloadConfig                     0x08008331   Thumb Code    26  stm32f4xx_tim.o(.text)
    TIM_OC3PreloadConfig                     0x0800834b   Thumb Code    18  stm32f4xx_tim.o(.text)
    TIM_OC4PreloadConfig                     0x0800835d   Thumb Code    26  stm32f4xx_tim.o(.text)
    TIM_OC1FastConfig                        0x08008377   Thumb Code    18  stm32f4xx_tim.o(.text)
    TIM_OC2FastConfig                        0x08008389   Thumb Code    26  stm32f4xx_tim.o(.text)
    TIM_OC3FastConfig                        0x080083a3   Thumb Code    18  stm32f4xx_tim.o(.text)
    TIM_OC4FastConfig                        0x080083b5   Thumb Code    26  stm32f4xx_tim.o(.text)
    TIM_ClearOC1Ref                          0x080083cf   Thumb Code    18  stm32f4xx_tim.o(.text)
    TIM_ClearOC2Ref                          0x080083e1   Thumb Code    24  stm32f4xx_tim.o(.text)
    TIM_ClearOC3Ref                          0x080083f9   Thumb Code    18  stm32f4xx_tim.o(.text)
    TIM_ClearOC4Ref                          0x0800840b   Thumb Code    24  stm32f4xx_tim.o(.text)
    TIM_OC1PolarityConfig                    0x08008423   Thumb Code    18  stm32f4xx_tim.o(.text)
    TIM_OC1NPolarityConfig                   0x08008435   Thumb Code    18  stm32f4xx_tim.o(.text)
    TIM_OC2PolarityConfig                    0x08008447   Thumb Code    26  stm32f4xx_tim.o(.text)
    TIM_OC2NPolarityConfig                   0x08008461   Thumb Code    26  stm32f4xx_tim.o(.text)
    TIM_OC3PolarityConfig                    0x0800847b   Thumb Code    26  stm32f4xx_tim.o(.text)
    TIM_OC3NPolarityConfig                   0x08008495   Thumb Code    26  stm32f4xx_tim.o(.text)
    TIM_OC4PolarityConfig                    0x080084af   Thumb Code    26  stm32f4xx_tim.o(.text)
    TIM_CCxCmd                               0x080084c9   Thumb Code    30  stm32f4xx_tim.o(.text)
    TIM_CCxNCmd                              0x080084e7   Thumb Code    30  stm32f4xx_tim.o(.text)
    TIM_SetIC4Prescaler                      0x08008505   Thumb Code    26  stm32f4xx_tim.o(.text)
    TIM_SetIC3Prescaler                      0x0800856f   Thumb Code    18  stm32f4xx_tim.o(.text)
    TIM_SetIC2Prescaler                      0x080085c9   Thumb Code    26  stm32f4xx_tim.o(.text)
    TIM_SetIC1Prescaler                      0x0800863d   Thumb Code    18  stm32f4xx_tim.o(.text)
    TIM_ICInit                               0x08008689   Thumb Code   110  stm32f4xx_tim.o(.text)
    TIM_ICStructInit                         0x080086f7   Thumb Code    18  stm32f4xx_tim.o(.text)
    TIM_PWMIConfig                           0x08008709   Thumb Code   124  stm32f4xx_tim.o(.text)
    TIM_GetCapture1                          0x08008785   Thumb Code     6  stm32f4xx_tim.o(.text)
    TIM_GetCapture2                          0x0800878b   Thumb Code     6  stm32f4xx_tim.o(.text)
    TIM_GetCapture3                          0x08008791   Thumb Code     6  stm32f4xx_tim.o(.text)
    TIM_GetCapture4                          0x08008797   Thumb Code     6  stm32f4xx_tim.o(.text)
    TIM_BDTRConfig                           0x0800879d   Thumb Code    32  stm32f4xx_tim.o(.text)
    TIM_BDTRStructInit                       0x080087bd   Thumb Code    18  stm32f4xx_tim.o(.text)
    TIM_CtrlPWMOutputs                       0x080087cf   Thumb Code    30  stm32f4xx_tim.o(.text)
    TIM_SelectCOM                            0x080087ed   Thumb Code    24  stm32f4xx_tim.o(.text)
    TIM_CCPreloadControl                     0x08008805   Thumb Code    24  stm32f4xx_tim.o(.text)
    TIM_ITConfig                             0x0800881d   Thumb Code    18  stm32f4xx_tim.o(.text)
    TIM_GenerateEvent                        0x0800882f   Thumb Code     4  stm32f4xx_tim.o(.text)
    TIM_GetFlagStatus                        0x08008833   Thumb Code    18  stm32f4xx_tim.o(.text)
    TIM_ClearFlag                            0x08008845   Thumb Code     6  stm32f4xx_tim.o(.text)
    TIM_GetITStatus                          0x0800884b   Thumb Code    34  stm32f4xx_tim.o(.text)
    TIM_ClearITPendingBit                    0x0800886d   Thumb Code     6  stm32f4xx_tim.o(.text)
    TIM_DMAConfig                            0x08008873   Thumb Code    10  stm32f4xx_tim.o(.text)
    TIM_DMACmd                               0x0800887d   Thumb Code    18  stm32f4xx_tim.o(.text)
    TIM_SelectCCDMA                          0x0800888f   Thumb Code    24  stm32f4xx_tim.o(.text)
    TIM_InternalClockConfig                  0x080088a7   Thumb Code    12  stm32f4xx_tim.o(.text)
    TIM_SelectInputTrigger                   0x080088b3   Thumb Code    18  stm32f4xx_tim.o(.text)
    TIM_ITRxExternalClockConfig              0x080088c5   Thumb Code    24  stm32f4xx_tim.o(.text)
    TIM_TIxExternalClockConfig               0x080088dd   Thumb Code    62  stm32f4xx_tim.o(.text)
    TIM_ETRConfig                            0x0800891b   Thumb Code    28  stm32f4xx_tim.o(.text)
    TIM_ETRClockMode1Config                  0x08008937   Thumb Code    54  stm32f4xx_tim.o(.text)
    TIM_ETRClockMode2Config                  0x0800896d   Thumb Code    32  stm32f4xx_tim.o(.text)
    TIM_SelectOutputTrigger                  0x0800898d   Thumb Code    18  stm32f4xx_tim.o(.text)
    TIM_SelectSlaveMode                      0x0800899f   Thumb Code    18  stm32f4xx_tim.o(.text)
    TIM_SelectMasterSlaveMode                0x080089b1   Thumb Code    18  stm32f4xx_tim.o(.text)
    TIM_EncoderInterfaceConfig               0x080089c3   Thumb Code    66  stm32f4xx_tim.o(.text)
    TIM_SelectHallSensor                     0x08008a05   Thumb Code    24  stm32f4xx_tim.o(.text)
    TIM_RemapConfig                          0x08008a1d   Thumb Code     6  stm32f4xx_tim.o(.text)
    DMA_DeInit                               0x08008a25   Thumb Code   324  stm32f4xx_dma.o(.text)
    DMA_Init                                 0x08008b69   Thumb Code    82  stm32f4xx_dma.o(.text)
    DMA_StructInit                           0x08008bbb   Thumb Code    34  stm32f4xx_dma.o(.text)
    DMA_Cmd                                  0x08008bdd   Thumb Code    22  stm32f4xx_dma.o(.text)
    DMA_PeriphIncOffsetSizeConfig            0x08008bf3   Thumb Code    22  stm32f4xx_dma.o(.text)
    DMA_FlowControllerConfig                 0x08008c09   Thumb Code    22  stm32f4xx_dma.o(.text)
    DMA_SetCurrDataCounter                   0x08008c1f   Thumb Code     4  stm32f4xx_dma.o(.text)
    DMA_GetCurrDataCounter                   0x08008c23   Thumb Code     8  stm32f4xx_dma.o(.text)
    DMA_DoubleBufferModeConfig               0x08008c2b   Thumb Code    24  stm32f4xx_dma.o(.text)
    DMA_DoubleBufferModeCmd                  0x08008c43   Thumb Code    22  stm32f4xx_dma.o(.text)
    DMA_MemoryTargetConfig                   0x08008c59   Thumb Code    10  stm32f4xx_dma.o(.text)
    DMA_GetCurrentMemoryTarget               0x08008c63   Thumb Code    20  stm32f4xx_dma.o(.text)
    DMA_GetCmdStatus                         0x08008c77   Thumb Code    20  stm32f4xx_dma.o(.text)
    DMA_GetFIFOStatus                        0x08008c8b   Thumb Code    12  stm32f4xx_dma.o(.text)
    DMA_GetFlagStatus                        0x08008c97   Thumb Code    56  stm32f4xx_dma.o(.text)
    DMA_ClearFlag                            0x08008ccf   Thumb Code    40  stm32f4xx_dma.o(.text)
    DMA_ITConfig                             0x08008cf7   Thumb Code    58  stm32f4xx_dma.o(.text)
    DMA_GetITStatus                          0x08008d31   Thumb Code    84  stm32f4xx_dma.o(.text)
    DMA_ClearITPendingBit                    0x08008d85   Thumb Code    40  stm32f4xx_dma.o(.text)
    EXTI_DeInit                              0x08008dcd   Thumb Code    28  stm32f4xx_exti.o(.text)
    EXTI_Init                                0x08008de9   Thumb Code   142  stm32f4xx_exti.o(.text)
    EXTI_StructInit                          0x08008e77   Thumb Code    16  stm32f4xx_exti.o(.text)
    EXTI_GenerateSWInterrupt                 0x08008e87   Thumb Code    16  stm32f4xx_exti.o(.text)
    EXTI_GetFlagStatus                       0x08008e97   Thumb Code    22  stm32f4xx_exti.o(.text)
    EXTI_ClearFlag                           0x08008ead   Thumb Code     8  stm32f4xx_exti.o(.text)
    EXTI_GetITStatus                         0x08008eb5   Thumb Code    22  stm32f4xx_exti.o(.text)
    EXTI_ClearITPendingBit                   0x08008ecb   Thumb Code     8  stm32f4xx_exti.o(.text)
    arm_cmplx_mag_f32                        0x08008edd   Thumb Code   236  arm_cmplx_mag_f32.o(.text)
    arm_radix4_butterfly_f32                 0x08008fcd   Thumb Code   800  arm_cfft_radix4_f32.o(.text)
    arm_radix4_butterfly_inverse_f32         0x080092ed   Thumb Code   836  arm_cfft_radix4_f32.o(.text)
    arm_cfft_radix4_f32                      0x08009631   Thumb Code    60  arm_cfft_radix4_f32.o(.text)
    arm_cfft_radix4_init_f32                 0x0800966d   Thumb Code   146  arm_cfft_radix4_init_f32.o(.text)
    arm_bitreversal_f32                      0x0800972d   Thumb Code   178  arm_bitreversal.o(.text)
    arm_bitreversal_q31                      0x080097df   Thumb Code   180  arm_bitreversal.o(.text)
    arm_bitreversal_q15                      0x08009893   Thumb Code   128  arm_bitreversal.o(.text)
    __use_no_semihosting                     0x08009913   Thumb Code     2  use_no_semi_2.o(.text)
    __2printf                                0x08009915   Thumb Code    20  noretval__2printf.o(.text)
    __2sprintf                               0x0800992d   Thumb Code    34  noretval__2sprintf.o(.text)
    _printf_int_hex                          0x08009955   Thumb Code    84  _printf_hex_int.o(.text)
    _printf_longlong_hex                     0x08009955   Thumb Code     0  _printf_hex_int.o(.text)
    __printf                                 0x080099ad   Thumb Code   308  __printf_flags_wp.o(.text)
    __aeabi_memclr4                          0x08009ae5   Thumb Code     0  rt_memclr_w.o(.text)
    __aeabi_memclr8                          0x08009ae5   Thumb Code     0  rt_memclr_w.o(.text)
    __rt_memclr_w                            0x08009ae5   Thumb Code    78  rt_memclr_w.o(.text)
    _memset_w                                0x08009ae9   Thumb Code     0  rt_memclr_w.o(.text)
    __use_two_region_memory                  0x08009b33   Thumb Code     2  heapauxi.o(.text)
    __rt_heap_escrow$2region                 0x08009b35   Thumb Code     2  heapauxi.o(.text)
    __rt_heap_expand$2region                 0x08009b37   Thumb Code     2  heapauxi.o(.text)
    __I$use$semihosting                      0x08009b39   Thumb Code     0  use_no_semi.o(.text)
    __use_no_semihosting_swi                 0x08009b39   Thumb Code     2  use_no_semi.o(.text)
    __read_errno                             0x08009b3b   Thumb Code    10  _rserrno.o(.text)
    __set_errno                              0x08009b45   Thumb Code    12  _rserrno.o(.text)
    _printf_int_common                       0x08009b51   Thumb Code   178  _printf_intcommon.o(.text)
    __lib_sel_fp_printf                      0x08009c03   Thumb Code     2  _printf_fp_dec.o(.text)
    _printf_fp_dec_real                      0x08009db1   Thumb Code   620  _printf_fp_dec.o(.text)
    _printf_char_common                      0x0800a027   Thumb Code    32  _printf_char_common.o(.text)
    _sputc                                   0x0800a04d   Thumb Code    10  _sputc.o(.text)
    _printf_char_file                        0x0800a059   Thumb Code    32  _printf_char_file.o(.text)
    __rt_locale                              0x0800a07d   Thumb Code     8  rt_locale_intlibspace.o(.text)
    __aeabi_errno_addr                       0x0800a085   Thumb Code     8  rt_errno_addr_intlibspace.o(.text)
    __errno$intlibspace                      0x0800a085   Thumb Code     0  rt_errno_addr_intlibspace.o(.text)
    __rt_errno_addr$intlibspace              0x0800a085   Thumb Code     0  rt_errno_addr_intlibspace.o(.text)
    _ll_udiv10                               0x0800a08d   Thumb Code   138  lludiv10.o(.text)
    _printf_fp_infnan                        0x0800a119   Thumb Code   112  _printf_fp_infnan.o(.text)
    _btod_etento                             0x0800a199   Thumb Code   216  bigflt0.o(.text)
    ferror                                   0x0800a275   Thumb Code     8  ferror.o(.text)
    __user_libspace                          0x0800a27d   Thumb Code     8  libspace.o(.text)
    __user_perproc_libspace                  0x0800a27d   Thumb Code     0  libspace.o(.text)
    __user_perthread_libspace                0x0800a27d   Thumb Code     0  libspace.o(.text)
    __user_setup_stackheap                   0x0800a285   Thumb Code    74  sys_stackheap_outer.o(.text)
    exit                                     0x0800a2cf   Thumb Code    12  exit.o(.text)
    strcmp                                   0x0800a2dd   Thumb Code   128  strcmpv7m.o(.text)
    _btod_d2e                                0x0800a35d   Thumb Code    62  btod.o(CL$$btod_d2e)
    _d2e_denorm_low                          0x0800a39b   Thumb Code    70  btod.o(CL$$btod_d2e_denorm_low)
    _d2e_norm_op1                            0x0800a3e1   Thumb Code    96  btod.o(CL$$btod_d2e_norm_op1)
    __btod_div_common                        0x0800a441   Thumb Code   696  btod.o(CL$$btod_div_common)
    _e2e                                     0x0800a779   Thumb Code   198  btod.o(CL$$btod_e2e)
    _btod_ediv                               0x0800a83f   Thumb Code    40  btod.o(CL$$btod_ediv)
    _btod_emul                               0x0800a867   Thumb Code    40  btod.o(CL$$btod_emul)
    __btod_mult_common                       0x0800a88f   Thumb Code   580  btod.o(CL$$btod_mult_common)
    __ARM_fpclassify                         0x0800aad3   Thumb Code    48  fpclassify.o(i.__ARM_fpclassify)
    __hardfp_sin                             0x0800ab09   Thumb Code   180  sin.o(i.__hardfp_sin)
    __ieee754_rem_pio2                       0x0800abd1   Thumb Code   938  rred.o(i.__ieee754_rem_pio2)
    __kernel_cos                             0x0800b009   Thumb Code   322  cos_i.o(i.__kernel_cos)
    __kernel_poly                            0x0800b179   Thumb Code   248  poly.o(i.__kernel_poly)
    __kernel_sin                             0x0800b271   Thumb Code   280  sin_i.o(i.__kernel_sin)
    __mathlib_dbl_infnan                     0x0800b3a1   Thumb Code    20  dunder.o(i.__mathlib_dbl_infnan)
    __mathlib_dbl_invalid                    0x0800b3b9   Thumb Code    24  dunder.o(i.__mathlib_dbl_invalid)
    __mathlib_dbl_underflow                  0x0800b3d9   Thumb Code    24  dunder.o(i.__mathlib_dbl_underflow)
    _is_digit                                0x0800b3f9   Thumb Code    14  __printf_wp.o(i._is_digit)
    fabs                                     0x0800b407   Thumb Code    24  fabs.o(i.fabs)
    _get_lc_numeric                          0x0800b421   Thumb Code    44  lc_numeric_c.o(locale$$code)
    __aeabi_dneg                             0x0800b44d   Thumb Code     0  basic.o(x$fpl$basic)
    _dneg                                    0x0800b44d   Thumb Code     6  basic.o(x$fpl$basic)
    __aeabi_fneg                             0x0800b453   Thumb Code     0  basic.o(x$fpl$basic)
    _fneg                                    0x0800b453   Thumb Code     6  basic.o(x$fpl$basic)
    _dabs                                    0x0800b459   Thumb Code     6  basic.o(x$fpl$basic)
    _fabs                                    0x0800b45f   Thumb Code     6  basic.o(x$fpl$basic)
    __aeabi_d2f                              0x0800b465   Thumb Code     0  d2f.o(x$fpl$d2f)
    _d2f                                     0x0800b465   Thumb Code    98  d2f.o(x$fpl$d2f)
    __aeabi_dadd                             0x0800b4c9   Thumb Code     0  daddsub_clz.o(x$fpl$dadd)
    _dadd                                    0x0800b4c9   Thumb Code   332  daddsub_clz.o(x$fpl$dadd)
    __aeabi_ddiv                             0x0800b619   Thumb Code     0  ddiv.o(x$fpl$ddiv)
    _ddiv                                    0x0800b619   Thumb Code   552  ddiv.o(x$fpl$ddiv)
    __aeabi_d2iz                             0x0800b8c9   Thumb Code     0  dfix.o(x$fpl$dfix)
    _dfix                                    0x0800b8c9   Thumb Code    94  dfix.o(x$fpl$dfix)
    __aeabi_d2uiz                            0x0800b929   Thumb Code     0  dfixu.o(x$fpl$dfixu)
    _dfixu                                   0x0800b929   Thumb Code    90  dfixu.o(x$fpl$dfixu)
    __aeabi_i2d                              0x0800b983   Thumb Code     0  dflt_clz.o(x$fpl$dflt)
    _dflt                                    0x0800b983   Thumb Code    46  dflt_clz.o(x$fpl$dflt)
    __aeabi_ui2d                             0x0800b9b1   Thumb Code     0  dflt_clz.o(x$fpl$dfltu)
    _dfltu                                   0x0800b9b1   Thumb Code    38  dflt_clz.o(x$fpl$dfltu)
    __aeabi_dmul                             0x0800b9d9   Thumb Code     0  dmul.o(x$fpl$dmul)
    _dmul                                    0x0800b9d9   Thumb Code   332  dmul.o(x$fpl$dmul)
    __fpl_dnaninf                            0x0800bb2d   Thumb Code   156  dnaninf.o(x$fpl$dnaninf)
    __fpl_dretinf                            0x0800bbc9   Thumb Code    12  dretinf.o(x$fpl$dretinf)
    __aeabi_drsub                            0x0800bbd5   Thumb Code     0  daddsub_clz.o(x$fpl$drsb)
    _drsb                                    0x0800bbd5   Thumb Code    22  daddsub_clz.o(x$fpl$drsb)
    __aeabi_dsub                             0x0800bbed   Thumb Code     0  daddsub_clz.o(x$fpl$dsub)
    _dsub                                    0x0800bbed   Thumb Code   464  daddsub_clz.o(x$fpl$dsub)
    __aeabi_f2d                              0x0800bdc1   Thumb Code     0  f2d.o(x$fpl$f2d)
    _f2d                                     0x0800bdc1   Thumb Code    86  f2d.o(x$fpl$f2d)
    __fpl_fnaninf                            0x0800be17   Thumb Code   140  fnaninf.o(x$fpl$fnaninf)
    _fp_init                                 0x0800bea3   Thumb Code    10  fpinit.o(x$fpl$fpinit)
    __fplib_config_fpu_vfp                   0x0800beab   Thumb Code     0  fpinit.o(x$fpl$fpinit)
    __fplib_config_pureend_doubles           0x0800beab   Thumb Code     0  fpinit.o(x$fpl$fpinit)
    __fpl_fretinf                            0x0800bead   Thumb Code    10  fretinf.o(x$fpl$fretinf)
    _printf_fp_dec                           0x0800beb7   Thumb Code     4  printf1.o(x$fpl$printf1)
    __I$use$fp                               0x0800beba   Number         0  usenofp.o(x$fpl$usenofp)
    asc2_1206                                0x0800beba   Data        1140  lcd.o(.constdata)
    asc2_1608                                0x0800c32e   Data        1520  lcd.o(.constdata)
    asc2_2412                                0x0800c91e   Data        3420  lcd.o(.constdata)
    FSMC_DefaultTimingStruct                 0x0800d67c   Data          28  stm32f4xx_fsmc.o(.constdata)
    armBitRevTable                           0x0800d698   Data        2048  arm_common_tables.o(.constdata)
    twiddleCoef_4096                         0x0800de98   Data       32768  arm_common_tables.o(.constdata)
    Region$$Table$$Base                      0x0801608c   Number         0  anon$$obj.o(Region$$Table)
    Region$$Table$$Limit                     0x080160ac   Number         0  anon$$obj.o(Region$$Table)
    scan_speed                               0x20000000   Data           1  main.o(.data)
    a                                        0x20000001   Data           1  main.o(.data)
    b                                        0x20000002   Data           1  main.o(.data)
    c                                        0x20000003   Data           1  main.o(.data)
    f                                        0x20000004   Data           4  main.o(.data)
    g                                        0x20000008   Data           4  main.o(.data)
    sat                                      0x2000000c   Data           4  main.o(.data)
    vs                                       0x20000010   Data           1  main.o(.data)
    Memory                                   0x20000011   Data           1  main.o(.data)
    count                                    0x20000018   Data           4  stm32f4xx_it.o(.data)
    frequency                                0x2000001c   Data           4  stm32f4xx_it.o(.data)
    SystemCoreClock                          0x20000020   Data           4  system_stm32f4xx.o(.data)
    AHBPrescTable                            0x20000024   Data          16  system_stm32f4xx.o(.data)
    POINT_COLOR                              0x20000034   Data           2  lcd.o(.data)
    BACK_COLOR                               0x20000036   Data           2  lcd.o(.data)
    __stdout                                 0x20000040   Data           4  usart.o(.data)
    USART_RX_STA                             0x20000044   Data           2  usart.o(.data)
    buff                                     0x20000058   Data        4096  main.o(.bss)
    buff3                                    0x20001058   Data        1600  main.o(.bss)
    buff2                                    0x20001698   Data        8192  main.o(.bss)
    fft_outputbuf                            0x20003698   Data        4096  main.o(.bss)
    f_buff                                   0x20004698   Data          20  main.o(.bss)
    sinTable                                 0x200046ac   Data         512  waveform.o(.bss)
    lcddev                                   0x200048ac   Data          14  lcd.o(.bss)
    USART_RX_BUF                             0x200048ba   Data         200  usart.o(.bss)
    __libspace_start                         0x20004984   Data          96  libspace.o(.bss)
    __temporary_stack_top$libspace           0x200049e4   Data           0  libspace.o(.bss)



==============================================================================

Memory Map of the image

  Image Entry point : 0x08000189

  Load Region LR_IROM1 (Base: 0x08000000, Size: 0x00016120, Max: 0x00100000, ABSOLUTE)

    Execution Region ER_IROM1 (Base: 0x08000000, Size: 0x000160c8, Max: 0x00100000, ABSOLUTE)

    Base Addr    Size         Type   Attr      Idx    E Section Name        Object

    0x08000000   0x00000188   Data   RO          529    RESET               startup_stm32f40_41xxx.o
    0x08000188   0x00000008   Code   RO          981  * !!!main             c_w.l(__main.o)
    0x08000190   0x00000034   Code   RO         1293    !!!scatter          c_w.l(__scatter.o)
    0x080001c4   0x0000001a   Code   RO         1295    !!handler_copy      c_w.l(__scatter_copy.o)
    0x080001de   0x00000002   PAD
    0x080001e0   0x0000001c   Code   RO         1297    !!handler_zi        c_w.l(__scatter_zi.o)
    0x080001fc   0x00000000   Code   RO          976    .ARM.Collect$$_printf_percent$$00000000  c_w.l(_printf_percent.o)
    0x080001fc   0x00000006   Code   RO          975    .ARM.Collect$$_printf_percent$$00000003  c_w.l(_printf_f.o)
    0x08000202   0x00000006   Code   RO          974    .ARM.Collect$$_printf_percent$$0000000C  c_w.l(_printf_x.o)
    0x08000208   0x00000004   Code   RO         1038    .ARM.Collect$$_printf_percent$$00000017  c_w.l(_printf_percent_end.o)
    0x0800020c   0x00000002   Code   RO         1171    .ARM.Collect$$libinit$$00000000  c_w.l(libinit.o)
    0x0800020e   0x00000004   Code   RO         1172    .ARM.Collect$$libinit$$00000001  c_w.l(libinit2.o)
    0x08000212   0x00000000   Code   RO         1175    .ARM.Collect$$libinit$$00000004  c_w.l(libinit2.o)
    0x08000212   0x00000000   Code   RO         1178    .ARM.Collect$$libinit$$0000000A  c_w.l(libinit2.o)
    0x08000212   0x00000000   Code   RO         1180    .ARM.Collect$$libinit$$0000000C  c_w.l(libinit2.o)
    0x08000212   0x00000000   Code   RO         1182    .ARM.Collect$$libinit$$0000000E  c_w.l(libinit2.o)
    0x08000212   0x00000006   Code   RO         1183    .ARM.Collect$$libinit$$0000000F  c_w.l(libinit2.o)
    0x08000218   0x00000000   Code   RO         1185    .ARM.Collect$$libinit$$00000011  c_w.l(libinit2.o)
    0x08000218   0x00000000   Code   RO         1187    .ARM.Collect$$libinit$$00000013  c_w.l(libinit2.o)
    0x08000218   0x00000000   Code   RO         1189    .ARM.Collect$$libinit$$00000015  c_w.l(libinit2.o)
    0x08000218   0x0000000a   Code   RO         1190    .ARM.Collect$$libinit$$00000016  c_w.l(libinit2.o)
    0x08000222   0x00000000   Code   RO         1191    .ARM.Collect$$libinit$$00000017  c_w.l(libinit2.o)
    0x08000222   0x00000000   Code   RO         1193    .ARM.Collect$$libinit$$00000019  c_w.l(libinit2.o)
    0x08000222   0x00000000   Code   RO         1195    .ARM.Collect$$libinit$$0000001B  c_w.l(libinit2.o)
    0x08000222   0x00000000   Code   RO         1197    .ARM.Collect$$libinit$$0000001D  c_w.l(libinit2.o)
    0x08000222   0x00000000   Code   RO         1199    .ARM.Collect$$libinit$$0000001F  c_w.l(libinit2.o)
    0x08000222   0x00000000   Code   RO         1201    .ARM.Collect$$libinit$$00000021  c_w.l(libinit2.o)
    0x08000222   0x00000000   Code   RO         1203    .ARM.Collect$$libinit$$00000023  c_w.l(libinit2.o)
    0x08000222   0x00000000   Code   RO         1205    .ARM.Collect$$libinit$$00000025  c_w.l(libinit2.o)
    0x08000222   0x00000000   Code   RO         1209    .ARM.Collect$$libinit$$0000002C  c_w.l(libinit2.o)
    0x08000222   0x00000000   Code   RO         1211    .ARM.Collect$$libinit$$0000002E  c_w.l(libinit2.o)
    0x08000222   0x00000000   Code   RO         1213    .ARM.Collect$$libinit$$00000030  c_w.l(libinit2.o)
    0x08000222   0x00000000   Code   RO         1215    .ARM.Collect$$libinit$$00000032  c_w.l(libinit2.o)
    0x08000222   0x00000002   Code   RO         1216    .ARM.Collect$$libinit$$00000033  c_w.l(libinit2.o)
    0x08000224   0x00000002   Code   RO         1244    .ARM.Collect$$libshutdown$$00000000  c_w.l(libshutdown.o)
    0x08000226   0x00000000   Code   RO         1254    .ARM.Collect$$libshutdown$$00000003  c_w.l(libshutdown2.o)
    0x08000226   0x00000000   Code   RO         1257    .ARM.Collect$$libshutdown$$00000006  c_w.l(libshutdown2.o)
    0x08000226   0x00000000   Code   RO         1260    .ARM.Collect$$libshutdown$$00000009  c_w.l(libshutdown2.o)
    0x08000226   0x00000000   Code   RO         1262    .ARM.Collect$$libshutdown$$0000000B  c_w.l(libshutdown2.o)
    0x08000226   0x00000000   Code   RO         1265    .ARM.Collect$$libshutdown$$0000000E  c_w.l(libshutdown2.o)
    0x08000226   0x00000002   Code   RO         1266    .ARM.Collect$$libshutdown$$0000000F  c_w.l(libshutdown2.o)
    0x08000228   0x00000000   Code   RO         1025    .ARM.Collect$$rtentry$$00000000  c_w.l(__rtentry.o)
    0x08000228   0x00000000   Code   RO         1079    .ARM.Collect$$rtentry$$00000002  c_w.l(__rtentry2.o)
    0x08000228   0x00000006   Code   RO         1091    .ARM.Collect$$rtentry$$00000004  c_w.l(__rtentry4.o)
    0x0800022e   0x00000000   Code   RO         1081    .ARM.Collect$$rtentry$$00000009  c_w.l(__rtentry2.o)
    0x0800022e   0x00000004   Code   RO         1082    .ARM.Collect$$rtentry$$0000000A  c_w.l(__rtentry2.o)
    0x08000232   0x00000000   Code   RO         1084    .ARM.Collect$$rtentry$$0000000C  c_w.l(__rtentry2.o)
    0x08000232   0x00000008   Code   RO         1085    .ARM.Collect$$rtentry$$0000000D  c_w.l(__rtentry2.o)
    0x0800023a   0x00000002   Code   RO         1217    .ARM.Collect$$rtexit$$00000000  c_w.l(rtexit.o)
    0x0800023c   0x00000000   Code   RO         1224    .ARM.Collect$$rtexit$$00000002  c_w.l(rtexit2.o)
    0x0800023c   0x00000004   Code   RO         1225    .ARM.Collect$$rtexit$$00000003  c_w.l(rtexit2.o)
    0x08000240   0x00000006   Code   RO         1226    .ARM.Collect$$rtexit$$00000004  c_w.l(rtexit2.o)
    0x08000246   0x00000002   PAD
    0x08000248   0x000009c4   Code   RO            3    .text               main.o
    0x08000c0c   0x000001c8   Code   RO          190    .text               waveform.o
    0x08000dd4   0x00000058   Code   RO          213    .text               stm32f4xx_it.o
    0x08000e2c   0x00000210   Code   RO          273    .text               system_stm32f4xx.o
    0x0800103c   0x00000040   Code   RO          299    .text               led.o
    0x0800107c   0x00004c80   Code   RO          319    .text               lcd.o
    0x08005cfc   0x000000e0   Code   RO          377    .text               adc.o
    0x08005ddc   0x0000005c   Code   RO          397    .text               timer.o
    0x08005e38   0x000000be   Code   RO          417    .text               exti.o
    0x08005ef6   0x00000002   PAD
    0x08005ef8   0x00000104   Code   RO          437    .text               key.o
    0x08005ffc   0x00000104   Code   RO          458    .text               delay.o
    0x08006100   0x0000014c   Code   RO          498    .text               usart.o
    0x0800624c   0x00000040   Code   RO          530    .text               startup_stm32f40_41xxx.o
    0x0800628c   0x000000e0   Code   RO          536    .text               misc.o
    0x0800636c   0x00000294   Code   RO          556    .text               stm32f4xx_gpio.o
    0x08006600   0x000005c8   Code   RO          576    .text               stm32f4xx_fsmc.o
    0x08006bc8   0x0000065c   Code   RO          599    .text               stm32f4xx_rcc.o
    0x08007224   0x00000094   Code   RO          621    .text               stm32f4xx_syscfg.o
    0x080072b8   0x00000454   Code   RO          641    .text               stm32f4xx_usart.o
    0x0800770c   0x00000464   Code   RO          661    .text               stm32f4xx_adc.o
    0x08007b70   0x00000210   Code   RO          681    .text               stm32f4xx_dac.o
    0x08007d80   0x00000ca2   Code   RO          701    .text               stm32f4xx_tim.o
    0x08008a22   0x00000002   PAD
    0x08008a24   0x000003a8   Code   RO          721    .text               stm32f4xx_dma.o
    0x08008dcc   0x00000110   Code   RO          741    .text               stm32f4xx_exti.o
    0x08008edc   0x000000f0   Code   RO          761    .text               arm_cortexM4lf_math.lib(arm_cmplx_mag_f32.o)
    0x08008fcc   0x000006a0   Code   RO          806    .text               arm_cortexM4lf_math.lib(arm_cfft_radix4_f32.o)
    0x0800966c   0x000000c0   Code   RO          826    .text               arm_cortexM4lf_math.lib(arm_cfft_radix4_init_f32.o)
    0x0800972c   0x000001e6   Code   RO          850    .text               arm_cortexM4lf_math.lib(arm_bitreversal.o)
    0x08009912   0x00000002   Code   RO          921    .text               c_w.l(use_no_semi_2.o)
    0x08009914   0x00000018   Code   RO          927    .text               c_w.l(noretval__2printf.o)
    0x0800992c   0x00000028   Code   RO          929    .text               c_w.l(noretval__2sprintf.o)
    0x08009954   0x00000058   Code   RO          936    .text               c_w.l(_printf_hex_int.o)
    0x080099ac   0x00000138   Code   RO          966    .text               c_w.l(__printf_flags_wp.o)
    0x08009ae4   0x0000004e   Code   RO          977    .text               c_w.l(rt_memclr_w.o)
    0x08009b32   0x00000006   Code   RO          979    .text               c_w.l(heapauxi.o)
    0x08009b38   0x00000002   Code   RO         1023    .text               c_w.l(use_no_semi.o)
    0x08009b3a   0x00000016   Code   RO         1026    .text               c_w.l(_rserrno.o)
    0x08009b50   0x000000b2   Code   RO         1028    .text               c_w.l(_printf_intcommon.o)
    0x08009c02   0x0000041a   Code   RO         1030    .text               c_w.l(_printf_fp_dec.o)
    0x0800a01c   0x00000030   Code   RO         1032    .text               c_w.l(_printf_char_common.o)
    0x0800a04c   0x0000000a   Code   RO         1034    .text               c_w.l(_sputc.o)
    0x0800a056   0x00000002   PAD
    0x0800a058   0x00000024   Code   RO         1036    .text               c_w.l(_printf_char_file.o)
    0x0800a07c   0x00000008   Code   RO         1096    .text               c_w.l(rt_locale_intlibspace.o)
    0x0800a084   0x00000008   Code   RO         1101    .text               c_w.l(rt_errno_addr_intlibspace.o)
    0x0800a08c   0x0000008a   Code   RO         1103    .text               c_w.l(lludiv10.o)
    0x0800a116   0x00000002   PAD
    0x0800a118   0x00000080   Code   RO         1105    .text               c_w.l(_printf_fp_infnan.o)
    0x0800a198   0x000000dc   Code   RO         1109    .text               c_w.l(bigflt0.o)
    0x0800a274   0x00000008   Code   RO         1134    .text               c_w.l(ferror.o)
    0x0800a27c   0x00000008   Code   RO         1157    .text               c_w.l(libspace.o)
    0x0800a284   0x0000004a   Code   RO         1160    .text               c_w.l(sys_stackheap_outer.o)
    0x0800a2ce   0x0000000c   Code   RO         1162    .text               c_w.l(exit.o)
    0x0800a2da   0x00000002   PAD
    0x0800a2dc   0x00000080   Code   RO         1164    .text               c_w.l(strcmpv7m.o)
    0x0800a35c   0x0000003e   Code   RO         1112    CL$$btod_d2e        c_w.l(btod.o)
    0x0800a39a   0x00000046   Code   RO         1114    CL$$btod_d2e_denorm_low  c_w.l(btod.o)
    0x0800a3e0   0x00000060   Code   RO         1113    CL$$btod_d2e_norm_op1  c_w.l(btod.o)
    0x0800a440   0x00000338   Code   RO         1122    CL$$btod_div_common  c_w.l(btod.o)
    0x0800a778   0x000000c6   Code   RO         1119    CL$$btod_e2e        c_w.l(btod.o)
    0x0800a83e   0x00000028   Code   RO         1116    CL$$btod_ediv       c_w.l(btod.o)
    0x0800a866   0x00000028   Code   RO         1115    CL$$btod_emul       c_w.l(btod.o)
    0x0800a88e   0x00000244   Code   RO         1121    CL$$btod_mult_common  c_w.l(btod.o)
    0x0800aad2   0x00000030   Code   RO         1153    i.__ARM_fpclassify  m_wm.l(fpclassify.o)
    0x0800ab02   0x00000006   PAD
    0x0800ab08   0x000000c8   Code   RO         1011    i.__hardfp_sin      m_wm.l(sin.o)
    0x0800abd0   0x00000438   Code   RO         1067    i.__ieee754_rem_pio2  m_wm.l(rred.o)
    0x0800b008   0x00000170   Code   RO         1050    i.__kernel_cos      m_wm.l(cos_i.o)
    0x0800b178   0x000000f8   Code   RO         1155    i.__kernel_poly     m_wm.l(poly.o)
    0x0800b270   0x00000130   Code   RO         1072    i.__kernel_sin      m_wm.l(sin_i.o)
    0x0800b3a0   0x00000014   Code   RO         1054    i.__mathlib_dbl_infnan  m_wm.l(dunder.o)
    0x0800b3b4   0x00000004   PAD
    0x0800b3b8   0x00000020   Code   RO         1056    i.__mathlib_dbl_invalid  m_wm.l(dunder.o)
    0x0800b3d8   0x00000020   Code   RO         1059    i.__mathlib_dbl_underflow  m_wm.l(dunder.o)
    0x0800b3f8   0x0000000e   Code   RO          964    i._is_digit         c_w.l(__printf_wp.o)
    0x0800b406   0x00000018   Code   RO         1149    i.fabs              m_wm.l(fabs.o)
    0x0800b41e   0x00000002   PAD
    0x0800b420   0x0000002c   Code   RO         1139    locale$$code        c_w.l(lc_numeric_c.o)
    0x0800b44c   0x00000018   Code   RO         1039    x$fpl$basic         fz_wm.l(basic.o)
    0x0800b464   0x00000062   Code   RO          983    x$fpl$d2f           fz_wm.l(d2f.o)
    0x0800b4c6   0x00000002   PAD
    0x0800b4c8   0x00000150   Code   RO          985    x$fpl$dadd          fz_wm.l(daddsub_clz.o)
    0x0800b618   0x000002b0   Code   RO          992    x$fpl$ddiv          fz_wm.l(ddiv.o)
    0x0800b8c8   0x0000005e   Code   RO         1141    x$fpl$dfix          fz_wm.l(dfix.o)
    0x0800b926   0x00000002   PAD
    0x0800b928   0x0000005a   Code   RO          995    x$fpl$dfixu         fz_wm.l(dfixu.o)
    0x0800b982   0x0000002e   Code   RO         1000    x$fpl$dflt          fz_wm.l(dflt_clz.o)
    0x0800b9b0   0x00000026   Code   RO          999    x$fpl$dfltu         fz_wm.l(dflt_clz.o)
    0x0800b9d6   0x00000002   PAD
    0x0800b9d8   0x00000154   Code   RO         1005    x$fpl$dmul          fz_wm.l(dmul.o)
    0x0800bb2c   0x0000009c   Code   RO         1041    x$fpl$dnaninf       fz_wm.l(dnaninf.o)
    0x0800bbc8   0x0000000c   Code   RO         1043    x$fpl$dretinf       fz_wm.l(dretinf.o)
    0x0800bbd4   0x00000016   Code   RO          986    x$fpl$drsb          fz_wm.l(daddsub_clz.o)
    0x0800bbea   0x00000002   PAD
    0x0800bbec   0x000001d4   Code   RO          987    x$fpl$dsub          fz_wm.l(daddsub_clz.o)
    0x0800bdc0   0x00000056   Code   RO         1007    x$fpl$f2d           fz_wm.l(f2d.o)
    0x0800be16   0x0000008c   Code   RO         1045    x$fpl$fnaninf       fz_wm.l(fnaninf.o)
    0x0800bea2   0x0000000a   Code   RO         1221    x$fpl$fpinit        fz_wm.l(fpinit.o)
    0x0800beac   0x0000000a   Code   RO         1047    x$fpl$fretinf       fz_wm.l(fretinf.o)
    0x0800beb6   0x00000004   Code   RO         1009    x$fpl$printf1       fz_wm.l(printf1.o)
    0x0800beba   0x00000000   Code   RO         1049    x$fpl$usenofp       fz_wm.l(usenofp.o)
    0x0800beba   0x000017c0   Data   RO          321    .constdata          lcd.o
    0x0800d67a   0x00000002   PAD
    0x0800d67c   0x0000001c   Data   RO          577    .constdata          stm32f4xx_fsmc.o
    0x0800d698   0x00000800   Data   RO          870    .constdata          arm_cortexM4lf_math.lib(arm_common_tables.o)
    0x0800de98   0x00008000   Data   RO          879    .constdata          arm_cortexM4lf_math.lib(arm_common_tables.o)
    0x08015e98   0x00000028   Data   RO          937    .constdata          c_w.l(_printf_hex_int.o)
    0x08015ec0   0x00000011   Data   RO          967    .constdata          c_w.l(__printf_flags_wp.o)
    0x08015ed1   0x00000007   PAD
    0x08015ed8   0x00000030   Data   RO         1051    .constdata          m_wm.l(cos_i.o)
    0x08015f08   0x000000c8   Data   RO         1069    .constdata          m_wm.l(rred.o)
    0x08015fd0   0x00000028   Data   RO         1073    .constdata          m_wm.l(sin_i.o)
    0x08015ff8   0x00000094   Data   RO         1110    .constdata          c_w.l(bigflt0.o)
    0x0801608c   0x00000020   Data   RO         1291    Region$$Table       anon$$obj.o
    0x080160ac   0x0000001c   Data   RO         1138    locale$$data        c_w.l(lc_numeric_c.o)


    Execution Region RW_IRAM1 (Base: 0x20000000, Size: 0x000053e8, Max: 0x00020000, ABSOLUTE)

    Base Addr    Size         Type   Attr      Idx    E Section Name        Object

    0x20000000   0x00000018   Data   RW            5    .data               main.o
    0x20000018   0x00000008   Data   RW          214    .data               stm32f4xx_it.o
    0x20000020   0x00000014   Data   RW          274    .data               system_stm32f4xx.o
    0x20000034   0x00000004   Data   RW          322    .data               lcd.o
    0x20000038   0x00000001   Data   RW          438    .data               key.o
    0x20000039   0x00000001   PAD
    0x2000003a   0x00000004   Data   RW          459    .data               delay.o
    0x2000003e   0x00000002   PAD
    0x20000040   0x00000006   Data   RW          500    .data               usart.o
    0x20000046   0x00000010   Data   RW          600    .data               stm32f4xx_rcc.o
    0x20000056   0x00000002   PAD
    0x20000058   0x00004654   Zero   RW            4    .bss                main.o
    0x200046ac   0x00000200   Zero   RW          191    .bss                waveform.o
    0x200048ac   0x0000000e   Zero   RW          320    .bss                lcd.o
    0x200048ba   0x000000c8   Zero   RW          499    .bss                usart.o
    0x20004982   0x00000002   PAD
    0x20004984   0x00000060   Zero   RW         1158    .bss                c_w.l(libspace.o)
    0x200049e4   0x00000004   PAD
    0x200049e8   0x00000200   Zero   RW          528    HEAP                startup_stm32f40_41xxx.o
    0x20004be8   0x00000800   Zero   RW          527    STACK               startup_stm32f40_41xxx.o


==============================================================================

Image component sizes


      Code (inc. data)   RO Data    RW Data    ZI Data      Debug   Object Name

       224         10          0          0          0       1147   adc.o
       260          8          0          4          0       1461   delay.o
       190          0          0          0          0        685   exti.o
       260         12          0          1          0        880   key.o
     19584        174       6080          4         14      22334   lcd.o
        64          4          0          0          0        539   led.o
      2500        362          0         24      18004     340524   main.o
       224         20          0          0          0       1841   misc.o
        64         26        392          0       2560        836   startup_stm32f40_41xxx.o
      1124         24          0          0          0      10514   stm32f4xx_adc.o
       528          6          0          0          0       5029   stm32f4xx_dac.o
       936         32          0          0          0       6321   stm32f4xx_dma.o
       272         10          0          0          0       2287   stm32f4xx_exti.o
      1480         18         28          0          0       5650   stm32f4xx_fsmc.o
       660         44          0          0          0       4121   stm32f4xx_gpio.o
        88          6          0          8          0     229240   stm32f4xx_it.o
      1628         52          0         16          0      12916   stm32f4xx_rcc.o
       148         12          0          0          0       1857   stm32f4xx_syscfg.o
      3234         60          0          0          0      22324   stm32f4xx_tim.o
      1108         34          0          0          0       7820   stm32f4xx_usart.o
       528         46          0         20          0       1815   system_stm32f4xx.o
        92          6          0          0          0        688   timer.o
       332         18          0          6        200       3350   usart.o
       456         60          0          0        512       1974   waveform.o

    ----------------------------------------------------------------------
     35988       1044       6534         88      21292     686153   Object Totals
         0          0         32          0          0          0   (incl. Generated)
         4          0          2          5          2          0   (incl. Padding)

    ----------------------------------------------------------------------

      Code (inc. data)   RO Data    RW Data    ZI Data      Debug   Library Member Name

       486          0          0          0          0       2210   arm_bitreversal.o
      1696          0          0          0          0       4744   arm_cfft_radix4_f32.o
       192         46          0          0          0        767   arm_cfft_radix4_init_f32.o
       240          4          0          0          0      16312   arm_cmplx_mag_f32.o
         0          0      34816          0          0       2517   arm_common_tables.o
         8          0          0          0          0         68   __main.o
       312          4         17          0          0         92   __printf_flags_wp.o
        14          0          0          0          0         68   __printf_wp.o
         0          0          0          0          0          0   __rtentry.o
        12          0          0          0          0          0   __rtentry2.o
         6          0          0          0          0          0   __rtentry4.o
        52          8          0          0          0          0   __scatter.o
        26          0          0          0          0          0   __scatter_copy.o
        28          0          0          0          0          0   __scatter_zi.o
        48          6          0          0          0         96   _printf_char_common.o
        36          4          0          0          0         80   _printf_char_file.o
         6          0          0          0          0          0   _printf_f.o
      1050          0          0          0          0        216   _printf_fp_dec.o
       128         16          0          0          0         84   _printf_fp_infnan.o
        88          4         40          0          0         88   _printf_hex_int.o
       178          0          0          0          0         88   _printf_intcommon.o
         0          0          0          0          0          0   _printf_percent.o
         4          0          0          0          0          0   _printf_percent_end.o
         6          0          0          0          0          0   _printf_x.o
        22          0          0          0          0        100   _rserrno.o
        10          0          0          0          0         68   _sputc.o
       220          4        148          0          0         96   bigflt0.o
      1910        128          0          0          0        672   btod.o
        12          0          0          0          0         72   exit.o
         8          0          0          0          0         68   ferror.o
         6          0          0          0          0        152   heapauxi.o
        44         10         28          0          0         76   lc_numeric_c.o
         2          0          0          0          0          0   libinit.o
        22          0          0          0          0          0   libinit2.o
         2          0          0          0          0          0   libshutdown.o
         2          0          0          0          0          0   libshutdown2.o
         8          4          0          0         96         68   libspace.o
       138          0          0          0          0         80   lludiv10.o
        24          4          0          0          0         84   noretval__2printf.o
        40          6          0          0          0         84   noretval__2sprintf.o
         8          4          0          0          0         68   rt_errno_addr_intlibspace.o
         8          4          0          0          0         68   rt_locale_intlibspace.o
        78          0          0          0          0         80   rt_memclr_w.o
         2          0          0          0          0          0   rtexit.o
        10          0          0          0          0          0   rtexit2.o
       128          0          0          0          0         68   strcmpv7m.o
        74          0          0          0          0         80   sys_stackheap_outer.o
         2          0          0          0          0         68   use_no_semi.o
         2          0          0          0          0         68   use_no_semi_2.o
        24          0          0          0          0        164   basic.o
        98          4          0          0          0        140   d2f.o
       826         16          0          0          0        492   daddsub_clz.o
       688        140          0          0          0        256   ddiv.o
        94          4          0          0          0        140   dfix.o
        90          4          0          0          0        140   dfixu.o
        84          0          0          0          0        232   dflt_clz.o
       340         12          0          0          0        152   dmul.o
       156          4          0          0          0        140   dnaninf.o
        12          0          0          0          0        116   dretinf.o
        86          4          0          0          0        132   f2d.o
       140          4          0          0          0        132   fnaninf.o
        10          0          0          0          0        116   fpinit.o
        10          0          0          0          0        116   fretinf.o
         4          0          0          0          0        116   printf1.o
         0          0          0          0          0          0   usenofp.o
       368         46         48          0          0        200   cos_i.o
        84         16          0          0          0        372   dunder.o
        24          0          0          0          0        124   fabs.o
        48          0          0          0          0        124   fpclassify.o
       248          0          0          0          0        152   poly.o
      1080        142        200          0          0        188   rred.o
       200         20          0          0          0        164   sin.o
       304         24         40          0          0        208   sin_i.o

    ----------------------------------------------------------------------
     12446        696      35344          0        100      33666   Library Totals
        30          0          7          0          4          0   (incl. Padding)

    ----------------------------------------------------------------------

      Code (inc. data)   RO Data    RW Data    ZI Data      Debug   Library Name

      2614         50      34816          0          0      26550   arm_cortexM4lf_math.lib
      4784        206        233          0         96       3000   c_w.l
      2662        192          0          0          0       2584   fz_wm.l
      2356        248        288          0          0       1532   m_wm.l

    ----------------------------------------------------------------------
     12446        696      35344          0        100      33666   Library Totals

    ----------------------------------------------------------------------

==============================================================================


      Code (inc. data)   RO Data    RW Data    ZI Data      Debug   

     48434       1740      41878         88      21392     709855   Grand Totals
     48434       1740      41878         88      21392     709855   ELF Image Totals
     48434       1740      41878         88          0          0   ROM Totals

==============================================================================

    Total RO  Size (Code + RO Data)                90312 (  88.20kB)
    Total RW  Size (RW Data + ZI Data)             21480 (  20.98kB)
    Total ROM Size (Code + RO Data + RW Data)      90400 (  88.28kB)

==============================================================================

